Archive member included because of file (symbol)

../../AcroboardStation_v01/Debug\libacrostation_gprs_1.3.a(alphasense.o)
                              services/datalogger/datalogger.o (alphasense_get_stats)
../../AcroboardStation_v01/Debug\libacrostation_gprs_1.3.a(AT24CXX.o)
                              services/datalogger/datalogger.o (AT24CXX_Init)
../../AcroboardStation_v01/Debug\libacrostation_gprs_1.3.a(DS18B20.o)
                              services/datalogger/datalogger.o (DS18B20_get_stats)
../../AcroboardStation_v01/Debug\libacrostation_gprs_1.3.a(DS18B20_2.o)
                              services/datalogger/datalogger.o (DS18B20_2_get_stats)
../../AcroboardStation_v01/Debug\libacrostation_gprs_1.3.a(PM10Qbit.o)
                              laspezia.o (PM10Qbit_init)
../../AcroboardStation_v01/Debug\libacrostation_gprs_1.3.a(pulse_raingauge.o)
                              laspezia.o (raingauge_init)
../../AcroboardStation_v01/Debug\libacrostation_gprs_1.3.a(VBusMon.o)
                              laspezia.o (VBusMon_init)
../../AcroboardStation_v01/Debug\libacrostation_gprs_1.3.a(voltmeter.o)
                              services/datalogger/datalogger.o (voltmeter_init)
../../AcroboardStation_v01/Debug\libacrostation_gprs_1.3.a(sim900.o)
                              laspezia.o (sim900_usart_data)
../../AcroboardStation_v01/Debug\libacrostation_gprs_1.3.a(buffer_usart.o)
                              laspezia.o (usart_interruptdriver_initialize)
../../AcroboardStation_v01/Debug\libacrostation_gprs_1.3.a(cbuffer_usart.o)
                              ../../AcroboardStation_v01/Debug\libacrostation_gprs_1.3.a(sim900.o) (USART_RX_CBuffer_Complete)
../../AcroboardStation_v01/Debug\libacrostation_gprs_1.3.a(init.o)
                              laspezia.o (board_init)
../../AcroboardStation_v01/Debug\libacrostation_gprs_1.3.a(calendar.o)
                              services/datalogger/datalogger.o (calendar_timestamp_to_date)
../../AcroboardStation_v01/Debug\libacrostation_gprs_1.3.a(adc.o)
                              ../../AcroboardStation_v01/Debug\libacrostation_gprs_1.3.a(alphasense.o) (adc_enable)
../../AcroboardStation_v01/Debug\libacrostation_gprs_1.3.a(adc_aau.o)
                              ../../AcroboardStation_v01/Debug\libacrostation_gprs_1.3.a(alphasense.o) (adc_write_configuration)
../../AcroboardStation_v01/Debug\libacrostation_gprs_1.3.a(wdt.o)
                              services/datalogger/datalogger.o (wdt_set_timeout_period)
../../AcroboardStation_v01/Debug\libacrostation_gprs_1.3.a(globals.o)
                              laspezia.o (debug_string)
../../AcroboardStation_v01/Debug\libacrostation_gprs_1.3.a(sysclk.o)
                              laspezia.o (sysclk_init)
../../AcroboardStation_v01/Debug\libacrostation_gprs_1.3.a(ioport_compat.o)
                              ../../AcroboardStation_v01/Debug\libacrostation_gprs_1.3.a(DS18B20.o) (ioport_configure_port_pin)
../../AcroboardStation_v01/Debug\libacrostation_gprs_1.3.a(sleepmgr.o)
                              services/datalogger/datalogger.o (sleepmgr_configs)
../../AcroboardStation_v01/Debug\libacrostation_gprs_1.3.a(udc.o)
                              ../../AcroboardStation_v01/Debug\libacrostation_gprs_1.3.a(VBusMon.o) (udc_start)
../../AcroboardStation_v01/Debug\libacrostation_gprs_1.3.a(ccp.o)
                              ../../AcroboardStation_v01/Debug\libacrostation_gprs_1.3.a(wdt.o) (ccp_write_io)
../../AcroboardStation_v01/Debug\libacrostation_gprs_1.3.a(nvm.o)
                              services/config/config.o (nvm_eeprom_read_buffer)
../../AcroboardStation_v01/Debug\libacrostation_gprs_1.3.a(nvm_asm.o)
                              ../../AcroboardStation_v01/Debug\libacrostation_gprs_1.3.a(voltmeter.o) (nvm_read_byte)
../../AcroboardStation_v01/Debug\libacrostation_gprs_1.3.a(rtc32.o)
                              laspezia.o (rtc_set_time)
../../AcroboardStation_v01/Debug\libacrostation_gprs_1.3.a(tc.o)
                              services/datalogger/datalogger.o (tc_enable)
../../AcroboardStation_v01/Debug\libacrostation_gprs_1.3.a(twim.o)
                              ../../AcroboardStation_v01/Debug\libacrostation_gprs_1.3.a(AT24CXX.o) (twi_master_init)
../../AcroboardStation_v01/Debug\libacrostation_gprs_1.3.a(usart.o)
                              laspezia.o (usart_putchar)
../../AcroboardStation_v01/Debug\libacrostation_gprs_1.3.a(usb_device.o)
                              ../../AcroboardStation_v01/Debug\libacrostation_gprs_1.3.a(udc.o) (udd_g_ctrlreq)
../../AcroboardStation_v01/Debug\libacrostation_gprs_1.3.a(udi_cdc_desc.o)
                              ../../AcroboardStation_v01/Debug\libacrostation_gprs_1.3.a(udc.o) (udc_config)
../../AcroboardStation_v01/Debug\libacrostation_gprs_1.3.a(udi_cdc.o)
                              ../../AcroboardStation_v01/Debug\libacrostation_gprs_1.3.a(udi_cdc_desc.o) (udi_api_cdc_data)
[...]
Memory Configuration

Name             Origin             Length             Attributes
text             0x00000000         0x00100000         xr
data             0x00802000         0x0000ffa0         rw !x
eeprom           0x00810000         0x00010000         rw !x
fuse             0x00820000         0x00000400         rw !x
lock             0x00830000         0x00000400         rw !x
signature        0x00840000         0x00000400         rw !x
user_signatures  0x00850000         0x00000400         rw !x
*default*        0x00000000         0xffffffff

Linker script and memory map

LOAD c:/program files (x86)/atmel/atmel toolchain/avr8 gcc/native/3.4.2.1002/avr8-gnu-toolchain/bin/../lib/gcc/avr/4.7.2/../../../../avr/lib/avrxmega6/crtx256a3bu.o
LOAD laspezia.o
LOAD services/config/config.o
LOAD services/datalogger/datalogger.o
START GROUP
LOAD ../../AcroboardStation_v01/Debug\libacrostation_gprs_1.3.a
END GROUP
LOAD c:/program files (x86)/atmel/atmel toolchain/avr8 gcc/native/3.4.2.1002/avr8-gnu-toolchain/bin/../lib/gcc/avr/4.7.2/avrxmega6\libgcc.a
LOAD c:/program files (x86)/atmel/atmel toolchain/avr8 gcc/native/3.4.2.1002/avr8-gnu-toolchain/bin/../lib/gcc/avr/4.7.2/../../../../avr/lib/avrxmega6\libc.a
LOAD c:/program files (x86)/atmel/atmel toolchain/avr8 gcc/native/3.4.2.1002/avr8-gnu-toolchain/bin/../lib/gcc/avr/4.7.2/avrxmega6\libgcc.a

.hash
 *(.hash)

.dynsym
 *(.dynsym)

.dynstr
 *(.dynstr)

.gnu.version
 *(.gnu.version)

.gnu.version_d
 *(.gnu.version_d)

.gnu.version_r
 *(.gnu.version_r)

.rel.init
 *(.rel.init)

.rela.init
 *(.rela.init)

.rel.text
 *(.rel.text)
 *(.rel.text.*)
 *(.rel.gnu.linkonce.t*)

.rela.text
 *(.rela.text)
 *(.rela.text.*)
 *(.rela.gnu.linkonce.t*)

.rel.fini
 *(.rel.fini)

.rela.fini
 *(.rela.fini)

.rel.rodata
 *(.rel.rodata)
 *(.rel.rodata.*)
 *(.rel.gnu.linkonce.r*)

.rela.rodata
 *(.rela.rodata)
 *(.rela.rodata.*)
 *(.rela.gnu.linkonce.r*)

.rel.data
 *(.rel.data)
 *(.rel.data.*)
 *(.rel.gnu.linkonce.d*)

.rela.data
 *(.rela.data)
 *(.rela.data.*)
 *(.rela.gnu.linkonce.d*)

.rel.ctors
 *(.rel.ctors)

.rela.ctors
 *(.rela.ctors)

.rel.dtors
 *(.rel.dtors)

.rela.dtors
 *(.rela.dtors)

.rel.got
 *(.rel.got)

.rela.got
 *(.rela.got)

.rel.bss
 *(.rel.bss)

.rela.bss
 *(.rela.bss)

.rel.plt
 *(.rel.plt)

.rela.plt
 *(.rela.plt)

.text           0x00000000     0xef10
 *(.vectors)
 .vectors       0x00000000      0x1fc c:/program files (x86)/atmel/atmel toolchain/avr8 gcc/native/3.4.2.1002/avr8-gnu-toolchain/bin/../lib/gcc/avr/4.7.2/../../../../avr/lib/avrxmega6/crtx256a3bu.o
                0x00000000                __vector_default
                0x00000000                __vectors
 *(.vectors)
 *(.progmem.gcc*)
 *(.progmem*)
 .progmem.data.__c.6737
                0x000001fc        0xb laspezia.o
 .progmem.data.__c.6739
                0x00000207       0x10 laspezia.o
 .progmem.data.__c.6744
                0x00000217       0x1e laspezia.o
 .progmem.data.__c.6749
                0x00000235        0xf laspezia.o
 .progmem.data.__c.6752
                0x00000244       0x14 laspezia.o
 .progmem.data.__c.6754
                0x00000258       0x1a laspezia.o
 .progmem.data.__c.6756
                0x00000272       0x33 laspezia.o
 .progmem.data.__c.7355
                0x000002a5       0x17 services/datalogger/datalogger.o
 .progmem.data.__c.7340
                0x000002bc       0x52 services/datalogger/datalogger.o
 .progmem.data.__c.7273
                0x0000030e       0x2c services/datalogger/datalogger.o
 .progmem.data.__c.7281
                0x0000033a        0x9 services/datalogger/datalogger.o
 .progmem.data.__c.7290
                0x00000343       0x1b services/datalogger/datalogger.o
 .progmem.data.__c.7293
                0x0000035e        0x9 services/datalogger/datalogger.o
 .progmem.data.__c.7296
                0x00000367       0x18 services/datalogger/datalogger.o
 .progmem.data.__c.7298
                0x0000037f       0x18 services/datalogger/datalogger.o
 .progmem.data.__c.7300
                0x00000397       0x1a services/datalogger/datalogger.o
 .progmem.data.__c.7303
                0x000003b1       0x3c services/datalogger/datalogger.o
 .progmem.data.__c.7306
                0x000003ed        0x8 services/datalogger/datalogger.o
 .progmem.data.__c.7315
                0x000003f5       0x12 services/datalogger/datalogger.o
 .progmem.data.__c.7321
                0x00000407       0x20 services/datalogger/datalogger.o
 .progmem.data.__c.7198
                0x00000427       0x10 services/datalogger/datalogger.o
 .progmem.data.__c.7200
                0x00000437        0xb services/datalogger/datalogger.o
 .progmem.data.__c.7170
                0x00000442        0x3 services/datalogger/datalogger.o
 .progmem.data.__c.7172
                0x00000445        0xa services/datalogger/datalogger.o
 .progmem.data.__c.7174
                0x0000044f       0x13 services/datalogger/datalogger.o
 .progmem.data.__c.7179
                0x00000462       0x1f services/datalogger/datalogger.o
 .progmem.data.__c.7182
                0x00000481       0x16 services/datalogger/datalogger.o
 .progmem.data.__c.7184
                0x00000497        0x3 services/datalogger/datalogger.o
 .progmem.data.__c.7186
                0x0000049a       0x2a services/datalogger/datalogger.o
 .progmem.data.__c.7188
                0x000004c4       0x32 services/datalogger/datalogger.o
 .progmem.data.__c.7158
                0x000004f6       0x19 services/datalogger/datalogger.o
 .progmem.data.__c.7122
                0x0000050f       0x19 services/datalogger/datalogger.o
 .progmem.data.__c.7125
                0x00000528       0x3b services/datalogger/datalogger.o
 .progmem.data.__c.7128
                0x00000563       0x44 services/datalogger/datalogger.o
 .progmem.data.__c.7130
                0x000005a7       0x49 services/datalogger/datalogger.o
 .progmem.data.__c.7137
                0x000005f0       0x26 services/datalogger/datalogger.o
 .progmem.data.__c.7139
                0x00000616       0x21 services/datalogger/datalogger.o
 .progmem.data.__c.7142
                0x00000637       0x21 services/datalogger/datalogger.o
 .progmem.data.__c.7144
                0x00000658       0x22 services/datalogger/datalogger.o
 .progmem.data.__c.7146
                0x0000067a       0x21 services/datalogger/datalogger.o
 .progmem.data.__c.7149
                0x0000069b        0xf services/datalogger/datalogger.o
 .progmem.data.__c.7151
                0x000006aa       0x14 services/datalogger/datalogger.o
 .progmem.data.__c.7099
                0x000006be       0x36 services/datalogger/datalogger.o
 .progmem.data.__c.7090
                0x000006f4       0x33 services/datalogger/datalogger.o
 .progmem.data.__c.7078
                0x00000727       0x47 services/datalogger/datalogger.o
 .progmem.data.__c.7081
                0x0000076e       0x3f services/datalogger/datalogger.o
 .progmem.data.__c.7066
                0x000007ad       0x46 services/datalogger/datalogger.o
 .progmem.data.__c.7069
                0x000007f3       0x3c services/datalogger/datalogger.o
 .progmem.data.__c.7056
                0x0000082f       0x1d services/datalogger/datalogger.o
 .progmem.data.__c.7039
                0x0000084c       0x3b services/datalogger/datalogger.o
 .progmem.data.__c.7041
                0x00000887       0x48 services/datalogger/datalogger.o
 .progmem.data.__c.7043
                0x000008cf       0x42 services/datalogger/datalogger.o
 .progmem.data.__c.7020
                0x00000911       0x12 services/datalogger/datalogger.o
 .progmem.data.__c.7022
                0x00000923       0x54 services/datalogger/datalogger.o
 .progmem.data.__c.7027
                0x00000977       0x21 services/datalogger/datalogger.o
 .progmem.data.__c.7031
                0x00000998       0x1e services/datalogger/datalogger.o
 .progmem.data.__c.7033
                0x000009b6       0x1c services/datalogger/datalogger.o
 .progmem.data.__c.6977
                0x000009d2       0x12 services/datalogger/datalogger.o
 .progmem.data.__c.6979
                0x000009e4       0x48 services/datalogger/datalogger.o
 .progmem.data.__c.6981
                0x00000a2c       0x18 services/datalogger/datalogger.o
 .progmem.data.__c.6983
                0x00000a44       0x17 services/datalogger/datalogger.o
 .progmem.data.__c.6985
                0x00000a5b       0x17 services/datalogger/datalogger.o
 .progmem.data.__c.6987
                0x00000a72       0x12 services/datalogger/datalogger.o
 .progmem.data.__c.6995
                0x00000a84       0x2b services/datalogger/datalogger.o
 .progmem.data.__c.7001
                0x00000aaf       0x28 services/datalogger/datalogger.o
 .progmem.data.__c.7013
                0x00000ad7       0x18 services/datalogger/datalogger.o
 .progmem.data.__c.6966
                0x00000aef       0x25 services/datalogger/datalogger.o
 .progmem.data.__c.6598
                0x00000b14       0x1d ../../AcroboardStation_v01/Debug\libacrostation_gprs_1.3.a(AT24CXX.o)
 .progmem.data.__c.6602
                0x00000b31       0x1c ../../AcroboardStation_v01/Debug\libacrostation_gprs_1.3.a(AT24CXX.o)
 .progmem.data.__c.6605
                0x00000b4d       0x1c ../../AcroboardStation_v01/Debug\libacrostation_gprs_1.3.a(AT24CXX.o)
 .progmem.data.__c.6608
                0x00000b69       0x1d ../../AcroboardStation_v01/Debug\libacrostation_gprs_1.3.a(AT24CXX.o)
 .progmem.data.__c.6611
                0x00000b86       0x1d ../../AcroboardStation_v01/Debug\libacrostation_gprs_1.3.a(AT24CXX.o)
 .progmem.data.__c.6614
                0x00000ba3       0x24 ../../AcroboardStation_v01/Debug\libacrostation_gprs_1.3.a(AT24CXX.o)
 .progmem.data.__c.6617
                0x00000bc7       0x1e ../../AcroboardStation_v01/Debug\libacrostation_gprs_1.3.a(AT24CXX.o)
 .progmem.data.__c.6620
                0x00000be5       0x20 ../../AcroboardStation_v01/Debug\libacrostation_gprs_1.3.a(AT24CXX.o)
 .progmem.data.__c.6623
                0x00000c05       0x20 ../../AcroboardStation_v01/Debug\libacrostation_gprs_1.3.a(AT24CXX.o)
 .progmem.data.__c.6626
                0x00000c25       0x19 ../../AcroboardStation_v01/Debug\libacrostation_gprs_1.3.a(AT24CXX.o)
 .progmem.data.__c.6629
                0x00000c3e       0x1f ../../AcroboardStation_v01/Debug\libacrostation_gprs_1.3.a(AT24CXX.o)
 .progmem.data.__c.6632
                0x00000c5d       0x1e ../../AcroboardStation_v01/Debug\libacrostation_gprs_1.3.a(AT24CXX.o)
 .progmem.data.__c.6640
                0x00000c7b       0x1c ../../AcroboardStation_v01/Debug\libacrostation_gprs_1.3.a(AT24CXX.o)
 .progmem.data.__c.6644
                0x00000c97       0x1c ../../AcroboardStation_v01/Debug\libacrostation_gprs_1.3.a(AT24CXX.o)
 .progmem.data.__c.6647
                0x00000cb3       0x1c ../../AcroboardStation_v01/Debug\libacrostation_gprs_1.3.a(AT24CXX.o)
 .progmem.data.__c.6650
                0x00000ccf       0x1d ../../AcroboardStation_v01/Debug\libacrostation_gprs_1.3.a(AT24CXX.o)
 .progmem.data.__c.6653
                0x00000cec       0x1d ../../AcroboardStation_v01/Debug\libacrostation_gprs_1.3.a(AT24CXX.o)
 .progmem.data.__c.6656
                0x00000d09       0x24 ../../AcroboardStation_v01/Debug\libacrostation_gprs_1.3.a(AT24CXX.o)
 .progmem.data.__c.6659
                0x00000d2d       0x1e ../../AcroboardStation_v01/Debug\libacrostation_gprs_1.3.a(AT24CXX.o)
 .progmem.data.__c.6662
                0x00000d4b       0x20 ../../AcroboardStation_v01/Debug\libacrostation_gprs_1.3.a(AT24CXX.o)
 .progmem.data.__c.6665
                0x00000d6b       0x20 ../../AcroboardStation_v01/Debug\libacrostation_gprs_1.3.a(AT24CXX.o)
 .progmem.data.__c.6668
                0x00000d8b       0x19 ../../AcroboardStation_v01/Debug\libacrostation_gprs_1.3.a(AT24CXX.o)
 .progmem.data.__c.6671
                0x00000da4       0x1f ../../AcroboardStation_v01/Debug\libacrostation_gprs_1.3.a(AT24CXX.o)
 .progmem.data.__c.6674
                0x00000dc3       0x1e ../../AcroboardStation_v01/Debug\libacrostation_gprs_1.3.a(AT24CXX.o)
 .progmem.data.__c.6722
                0x00000de1        0x3 ../../AcroboardStation_v01/Debug\libacrostation_gprs_1.3.a(AT24CXX.o)
 .progmem.data.__c.6724
                0x00000de4        0x4 ../../AcroboardStation_v01/Debug\libacrostation_gprs_1.3.a(AT24CXX.o)
 .progmem.data.__c.6726
                0x00000de8        0x4 ../../AcroboardStation_v01/Debug\libacrostation_gprs_1.3.a(AT24CXX.o)
 .progmem.data.__c.6728
                0x00000dec        0x3 ../../AcroboardStation_v01/Debug\libacrostation_gprs_1.3.a(AT24CXX.o)
 .progmem.data.z.6414
                0x00000def        0xa ../../AcroboardStation_v01/Debug\libacrostation_gprs_1.3.a(pulse_raingauge.o)
 .progmem.data.__c.6402
                0x00000df9       0x12 ../../AcroboardStation_v01/Debug\libacrostation_gprs_1.3.a(VBusMon.o)
 .progmem.data.__c.6404
                0x00000e0b       0x11 ../../AcroboardStation_v01/Debug\libacrostation_gprs_1.3.a(VBusMon.o)
 .progmem.data.__c.6563
                0x00000e1c        0xa ../../AcroboardStation_v01/Debug\libacrostation_gprs_1.3.a(voltmeter.o)
 .progmem.data.__c.6567
                0x00000e26       0x1d ../../AcroboardStation_v01/Debug\libacrostation_gprs_1.3.a(voltmeter.o)
 .progmem.data.__c.6578
                0x00000e43       0x12 ../../AcroboardStation_v01/Debug\libacrostation_gprs_1.3.a(voltmeter.o)
 .progmem.data.__c.6715
                0x00000e55       0x33 ../../AcroboardStation_v01/Debug\libacrostation_gprs_1.3.a(sim900.o)
 .progmem.data.__c.6717
                0x00000e88       0x2b ../../AcroboardStation_v01/Debug\libacrostation_gprs_1.3.a(sim900.o)
 .progmem.data.__c.6842
                0x00000eb3        0xc ../../AcroboardStation_v01/Debug\libacrostation_gprs_1.3.a(sim900.o)
 .progmem.data.__c.6844
                0x00000ebf       0x33 ../../AcroboardStation_v01/Debug\libacrostation_gprs_1.3.a(sim900.o)
 .progmem.data.sz_AT
                0x00000ef2        0x5 ../../AcroboardStation_v01/Debug\libacrostation_gprs_1.3.a(sim900.o)
 .progmem.data.sz_OK
                0x00000ef7        0x3 ../../AcroboardStation_v01/Debug\libacrostation_gprs_1.3.a(sim900.o)
 .progmem.data.__c.6850
                0x00000efa       0x32 ../../AcroboardStation_v01/Debug\libacrostation_gprs_1.3.a(sim900.o)
 .progmem.data.__c.6856
                0x00000f2c       0x4e ../../AcroboardStation_v01/Debug\libacrostation_gprs_1.3.a(sim900.o)
 .progmem.data.__c.6860
                0x00000f7a       0x50 ../../AcroboardStation_v01/Debug\libacrostation_gprs_1.3.a(sim900.o)
 .progmem.data.__c.6862
                0x00000fca        0x7 ../../AcroboardStation_v01/Debug\libacrostation_gprs_1.3.a(sim900.o)
 .progmem.data.__c.6864
                0x00000fd1       0x31 ../../AcroboardStation_v01/Debug\libacrostation_gprs_1.3.a(sim900.o)
 .progmem.data.__c.6866
                0x00001002       0x26 ../../AcroboardStation_v01/Debug\libacrostation_gprs_1.3.a(sim900.o)
 .progmem.data.__c.6868
                0x00001028        0xc ../../AcroboardStation_v01/Debug\libacrostation_gprs_1.3.a(sim900.o)
 .progmem.data.__c.6870
                0x00001034       0x34 ../../AcroboardStation_v01/Debug\libacrostation_gprs_1.3.a(sim900.o)
 .progmem.data.__c.6872
                0x00001068       0x2b ../../AcroboardStation_v01/Debug\libacrostation_gprs_1.3.a(sim900.o)
 .progmem.data.__c.6874
                0x00001093        0xb ../../AcroboardStation_v01/Debug\libacrostation_gprs_1.3.a(sim900.o)
 .progmem.data.__c.6876
                0x0000109e       0x33 ../../AcroboardStation_v01/Debug\libacrostation_gprs_1.3.a(sim900.o)
 .progmem.data.__c.6879
                0x000010d1        0x9 ../../AcroboardStation_v01/Debug\libacrostation_gprs_1.3.a(sim900.o)
 .progmem.data.__c.6881
                0x000010da       0x10 ../../AcroboardStation_v01/Debug\libacrostation_gprs_1.3.a(sim900.o)
 .progmem.data.__c.6883
                0x000010ea       0x21 ../../AcroboardStation_v01/Debug\libacrostation_gprs_1.3.a(sim900.o)
 .progmem.data.__c.6885
                0x0000110b       0x1e ../../AcroboardStation_v01/Debug\libacrostation_gprs_1.3.a(sim900.o)
 .progmem.data.__c.6887
                0x00001129        0xc ../../AcroboardStation_v01/Debug\libacrostation_gprs_1.3.a(sim900.o)
 .progmem.data.__c.6889
                0x00001135       0x23 ../../AcroboardStation_v01/Debug\libacrostation_gprs_1.3.a(sim900.o)
 .progmem.data.__c.6891
                0x00001158        0xb ../../AcroboardStation_v01/Debug\libacrostation_gprs_1.3.a(sim900.o)
 .progmem.data.tbl_CPIN_rets
                0x00001163       0x12 ../../AcroboardStation_v01/Debug\libacrostation_gprs_1.3.a(sim900.o)
 .progmem.data.szCPIN_SIM_PIN
                0x00001175        0x8 ../../AcroboardStation_v01/Debug\libacrostation_gprs_1.3.a(sim900.o)
 .progmem.data.__c.6894
                0x0000117d       0x2e ../../AcroboardStation_v01/Debug\libacrostation_gprs_1.3.a(sim900.o)
 .progmem.data.__c.6896
                0x000011ab       0x49 ../../AcroboardStation_v01/Debug\libacrostation_gprs_1.3.a(sim900.o)
 .progmem.data.__c.6898
                0x000011f4       0x44 ../../AcroboardStation_v01/Debug\libacrostation_gprs_1.3.a(sim900.o)
 .progmem.data.__c.6900
                0x00001238        0x9 ../../AcroboardStation_v01/Debug\libacrostation_gprs_1.3.a(sim900.o)
 .progmem.data.__c.6903
                0x00001241       0x25 ../../AcroboardStation_v01/Debug\libacrostation_gprs_1.3.a(sim900.o)
 .progmem.data.szCPIN_SIM_PUK
                0x00001266        0x8 ../../AcroboardStation_v01/Debug\libacrostation_gprs_1.3.a(sim900.o)
 .progmem.data.__c.6905
                0x0000126e       0x2e ../../AcroboardStation_v01/Debug\libacrostation_gprs_1.3.a(sim900.o)
 .progmem.data.__c.6907
                0x0000129c       0x35 ../../AcroboardStation_v01/Debug\libacrostation_gprs_1.3.a(sim900.o)
 .progmem.data.__c.6909
                0x000012d1        0xb ../../AcroboardStation_v01/Debug\libacrostation_gprs_1.3.a(sim900.o)
 .progmem.data.__c.6912
                0x000012dc        0xb ../../AcroboardStation_v01/Debug\libacrostation_gprs_1.3.a(sim900.o)
 .progmem.data.__c.6914
                0x000012e7       0x43 ../../AcroboardStation_v01/Debug\libacrostation_gprs_1.3.a(sim900.o)
 .progmem.data.__c.6916
                0x0000132a       0x3b ../../AcroboardStation_v01/Debug\libacrostation_gprs_1.3.a(sim900.o)
 .progmem.data.__c.6919
                0x00001365       0x1f ../../AcroboardStation_v01/Debug\libacrostation_gprs_1.3.a(sim900.o)
 .progmem.data.__c.6921
                0x00001384       0x27 ../../AcroboardStation_v01/Debug\libacrostation_gprs_1.3.a(sim900.o)
 .progmem.data.__c.6923
                0x000013ab       0x2d ../../AcroboardStation_v01/Debug\libacrostation_gprs_1.3.a(sim900.o)
 .progmem.data.__c.6819
                0x000013d8       0x33 ../../AcroboardStation_v01/Debug\libacrostation_gprs_1.3.a(sim900.o)
 .progmem.data.__c.6824
                0x0000140b       0x27 ../../AcroboardStation_v01/Debug\libacrostation_gprs_1.3.a(sim900.o)
 .progmem.data.__c.6785
                0x00001432       0x5d ../../AcroboardStation_v01/Debug\libacrostation_gprs_1.3.a(sim900.o)
 .progmem.data.__c.6755
                0x0000148f       0x28 ../../AcroboardStation_v01/Debug\libacrostation_gprs_1.3.a(sim900.o)
 .progmem.data.tbl_returns
                0x000014b7        0x4 ../../AcroboardStation_v01/Debug\libacrostation_gprs_1.3.a(sim900.o)
 .progmem.data.__c.6765
                0x000014bb       0x3b ../../AcroboardStation_v01/Debug\libacrostation_gprs_1.3.a(sim900.o)
 .progmem.data.__c.6769
                0x000014f6       0x3b ../../AcroboardStation_v01/Debug\libacrostation_gprs_1.3.a(sim900.o)
 .progmem.data.__c.6774
                0x00001531       0x4b ../../AcroboardStation_v01/Debug\libacrostation_gprs_1.3.a(sim900.o)
 .progmem.data.__c.6802
                0x0000157c       0x55 ../../AcroboardStation_v01/Debug\libacrostation_gprs_1.3.a(sim900.o)
 .progmem.data.__c.6971
                0x000015d1       0x25 ../../AcroboardStation_v01/Debug\libacrostation_gprs_1.3.a(sim900.o)
 .progmem.data.__c.6985
                0x000015f6       0x11 ../../AcroboardStation_v01/Debug\libacrostation_gprs_1.3.a(sim900.o)
 .progmem.data.__c.6987
                0x00001607        0xf ../../AcroboardStation_v01/Debug\libacrostation_gprs_1.3.a(sim900.o)
 .progmem.data.__c.6989
                0x00001616       0x56 ../../AcroboardStation_v01/Debug\libacrostation_gprs_1.3.a(sim900.o)
 .progmem.data.__c.6991
                0x0000166c       0x20 ../../AcroboardStation_v01/Debug\libacrostation_gprs_1.3.a(sim900.o)
 .progmem.data.__c.6993
                0x0000168c       0x56 ../../AcroboardStation_v01/Debug\libacrostation_gprs_1.3.a(sim900.o)
 .progmem.data.__c.6995
                0x000016e2       0x16 ../../AcroboardStation_v01/Debug\libacrostation_gprs_1.3.a(sim900.o)
 .progmem.data.__c.6998
                0x000016f8       0x49 ../../AcroboardStation_v01/Debug\libacrostation_gprs_1.3.a(sim900.o)
 .progmem.data.__c.7000
                0x00001741       0x43 ../../AcroboardStation_v01/Debug\libacrostation_gprs_1.3.a(sim900.o)
 .progmem.data.__c.7002
                0x00001784       0x20 ../../AcroboardStation_v01/Debug\libacrostation_gprs_1.3.a(sim900.o)
 .progmem.data.__c.7004
                0x000017a4       0x68 ../../AcroboardStation_v01/Debug\libacrostation_gprs_1.3.a(sim900.o)
 .progmem.data.__c.7006
                0x0000180c       0x15 ../../AcroboardStation_v01/Debug\libacrostation_gprs_1.3.a(sim900.o)
 .progmem.data.__c.7008
                0x00001821        0x4 ../../AcroboardStation_v01/Debug\libacrostation_gprs_1.3.a(sim900.o)
 .progmem.data.__c.7012
                0x00001825       0x5d ../../AcroboardStation_v01/Debug\libacrostation_gprs_1.3.a(sim900.o)
 .progmem.data.__c.7016
                0x00001882        0xf ../../AcroboardStation_v01/Debug\libacrostation_gprs_1.3.a(sim900.o)
 .progmem.data.__c.7018
                0x00001891       0x57 ../../AcroboardStation_v01/Debug\libacrostation_gprs_1.3.a(sim900.o)
 .progmem.data.__c.7020
                0x000018e8        0xf ../../AcroboardStation_v01/Debug\libacrostation_gprs_1.3.a(sim900.o)
 .progmem.data.__c.7022
                0x000018f7       0x53 ../../AcroboardStation_v01/Debug\libacrostation_gprs_1.3.a(sim900.o)
 .progmem.data.__c.7024
                0x0000194a       0x20 ../../AcroboardStation_v01/Debug\libacrostation_gprs_1.3.a(sim900.o)
 .progmem.data.__c.7026
                0x0000196a       0x43 ../../AcroboardStation_v01/Debug\libacrostation_gprs_1.3.a(sim900.o)
 .progmem.data.__c.7029
                0x000019ad       0x5e ../../AcroboardStation_v01/Debug\libacrostation_gprs_1.3.a(sim900.o)
 .progmem.data.__c.7032
                0x00001a0b       0x32 ../../AcroboardStation_v01/Debug\libacrostation_gprs_1.3.a(sim900.o)
 .progmem.data.__c.7035
                0x00001a3d       0x51 ../../AcroboardStation_v01/Debug\libacrostation_gprs_1.3.a(sim900.o)
 .progmem.data.__c.7042
                0x00001a8e        0xf ../../AcroboardStation_v01/Debug\libacrostation_gprs_1.3.a(sim900.o)
 .progmem.data.__c.7051
                0x00001a9d        0xe ../../AcroboardStation_v01/Debug\libacrostation_gprs_1.3.a(sim900.o)
 .progmem.data.__c.7053
                0x00001aab        0xb ../../AcroboardStation_v01/Debug\libacrostation_gprs_1.3.a(sim900.o)
 .progmem.data.__c.7056
                0x00001ab6       0x41 ../../AcroboardStation_v01/Debug\libacrostation_gprs_1.3.a(sim900.o)
 .progmem.data.__c.7058
                0x00001af7       0x3b ../../AcroboardStation_v01/Debug\libacrostation_gprs_1.3.a(sim900.o)
 .progmem.data.__c.7060
                0x00001b32       0x41 ../../AcroboardStation_v01/Debug\libacrostation_gprs_1.3.a(sim900.o)
 .progmem.data.__c.7062
                0x00001b73       0x3b ../../AcroboardStation_v01/Debug\libacrostation_gprs_1.3.a(sim900.o)
 .progmem.data.__c.7070
                0x00001bae        0x5 ../../AcroboardStation_v01/Debug\libacrostation_gprs_1.3.a(sim900.o)
 .progmem.data.__c.7072
                0x00001bb3       0x2b ../../AcroboardStation_v01/Debug\libacrostation_gprs_1.3.a(sim900.o)
 .progmem.data.__c.7074
                0x00001bde        0xe ../../AcroboardStation_v01/Debug\libacrostation_gprs_1.3.a(sim900.o)
 .progmem.data.__c.7076
                0x00001bec       0x27 ../../AcroboardStation_v01/Debug\libacrostation_gprs_1.3.a(sim900.o)
 .progmem.data.__c.7078
                0x00001c13       0x16 ../../AcroboardStation_v01/Debug\libacrostation_gprs_1.3.a(sim900.o)
 .progmem.data.__c.7080
                0x00001c29       0x2d ../../AcroboardStation_v01/Debug\libacrostation_gprs_1.3.a(sim900.o)
 .progmem.data.__c.7082
                0x00001c56       0x14 ../../AcroboardStation_v01/Debug\libacrostation_gprs_1.3.a(sim900.o)
 .progmem.data.__c.7084
                0x00001c6a        0x4 ../../AcroboardStation_v01/Debug\libacrostation_gprs_1.3.a(sim900.o)
 .progmem.data.__c.7086
                0x00001c6e       0x12 ../../AcroboardStation_v01/Debug\libacrostation_gprs_1.3.a(sim900.o)
 .progmem.data.__c.7088
                0x00001c80       0x29 ../../AcroboardStation_v01/Debug\libacrostation_gprs_1.3.a(sim900.o)
 .progmem.data.__c.7090
                0x00001ca9        0xd ../../AcroboardStation_v01/Debug\libacrostation_gprs_1.3.a(sim900.o)
 .progmem.data.__c.7092
                0x00001cb6       0x2d ../../AcroboardStation_v01/Debug\libacrostation_gprs_1.3.a(sim900.o)
 .progmem.data.__c.7098
                0x00001ce3       0x40 ../../AcroboardStation_v01/Debug\libacrostation_gprs_1.3.a(sim900.o)
 .progmem.data.__c.7100
                0x00001d23       0x28 ../../AcroboardStation_v01/Debug\libacrostation_gprs_1.3.a(sim900.o)
 .progmem.data.__c.7102
                0x00001d4b       0x30 ../../AcroboardStation_v01/Debug\libacrostation_gprs_1.3.a(sim900.o)
 .progmem.data.__c.7104
                0x00001d7b        0xe ../../AcroboardStation_v01/Debug\libacrostation_gprs_1.3.a(sim900.o)
 .progmem.data.__c.7106
                0x00001d89        0xb ../../AcroboardStation_v01/Debug\libacrostation_gprs_1.3.a(sim900.o)
 .progmem.data.__c.7108
                0x00001d94       0x3f ../../AcroboardStation_v01/Debug\libacrostation_gprs_1.3.a(sim900.o)
 .progmem.data.__c.7110
                0x00001dd3       0x39 ../../AcroboardStation_v01/Debug\libacrostation_gprs_1.3.a(sim900.o)
 .progmem.data.__c.7123
                0x00001e0c        0x5 ../../AcroboardStation_v01/Debug\libacrostation_gprs_1.3.a(sim900.o)
 .progmem.data.__c.7125
                0x00001e11       0x2c ../../AcroboardStation_v01/Debug\libacrostation_gprs_1.3.a(sim900.o)
 .progmem.data.__c.7127
                0x00001e3d        0xe ../../AcroboardStation_v01/Debug\libacrostation_gprs_1.3.a(sim900.o)
 .progmem.data.__c.7129
                0x00001e4b       0x16 ../../AcroboardStation_v01/Debug\libacrostation_gprs_1.3.a(sim900.o)
 .progmem.data.__c.7131
                0x00001e61       0x14 ../../AcroboardStation_v01/Debug\libacrostation_gprs_1.3.a(sim900.o)
 .progmem.data.__c.7133
                0x00001e75        0x4 ../../AcroboardStation_v01/Debug\libacrostation_gprs_1.3.a(sim900.o)
 .progmem.data.__c.7137
                0x00001e79       0x14 ../../AcroboardStation_v01/Debug\libacrostation_gprs_1.3.a(sim900.o)
 .progmem.data.__c.7139
                0x00001e8d        0x9 ../../AcroboardStation_v01/Debug\libacrostation_gprs_1.3.a(sim900.o)
 .progmem.data.__c.7141
                0x00001e96       0x12 ../../AcroboardStation_v01/Debug\libacrostation_gprs_1.3.a(sim900.o)
 .progmem.data.__c.7143
                0x00001ea8       0x2a ../../AcroboardStation_v01/Debug\libacrostation_gprs_1.3.a(sim900.o)
 .progmem.data.__c.7145
                0x00001ed2        0xd ../../AcroboardStation_v01/Debug\libacrostation_gprs_1.3.a(sim900.o)
 .progmem.data.__c.7147
                0x00001edf       0x2c ../../AcroboardStation_v01/Debug\libacrostation_gprs_1.3.a(sim900.o)
 .progmem.data.__c.7149
                0x00001f0b        0xd ../../AcroboardStation_v01/Debug\libacrostation_gprs_1.3.a(sim900.o)
 .progmem.data.__c.7151
                0x00001f18       0x2a ../../AcroboardStation_v01/Debug\libacrostation_gprs_1.3.a(sim900.o)
 .progmem.data.__c.7153
                0x00001f42        0xd ../../AcroboardStation_v01/Debug\libacrostation_gprs_1.3.a(sim900.o)
 .progmem.data.__c.7155
                0x00001f4f       0x2e ../../AcroboardStation_v01/Debug\libacrostation_gprs_1.3.a(sim900.o)
 .progmem.data.__c.7159
                0x00001f7d       0x29 ../../AcroboardStation_v01/Debug\libacrostation_gprs_1.3.a(sim900.o)
 .progmem.data.__c.7161
                0x00001fa6       0x31 ../../AcroboardStation_v01/Debug\libacrostation_gprs_1.3.a(sim900.o)
 .progmem.data.__c.7166
                0x00001fd7        0xe ../../AcroboardStation_v01/Debug\libacrostation_gprs_1.3.a(sim900.o)
 .progmem.data.sz_ERROR
                0x00001fe5        0x6 ../../AcroboardStation_v01/Debug\libacrostation_gprs_1.3.a(sim900.o)
 .progmem.data.szCPIN_SIM_READY
                0x00001feb        0x6 ../../AcroboardStation_v01/Debug\libacrostation_gprs_1.3.a(sim900.o)
 .progmem.data.szCPIN_PHSIM_PIN
                0x00001ff1        0xb ../../AcroboardStation_v01/Debug\libacrostation_gprs_1.3.a(sim900.o)
 .progmem.data.szCPIN_PHSIM_PUK
                0x00001ffc        0xb ../../AcroboardStation_v01/Debug\libacrostation_gprs_1.3.a(sim900.o)
 .progmem.data.szCPIN_SIM_PIN2
                0x00002007        0x9 ../../AcroboardStation_v01/Debug\libacrostation_gprs_1.3.a(sim900.o)
 .progmem.data.szCPIN_SIM_PUK2
                0x00002010        0x9 ../../AcroboardStation_v01/Debug\libacrostation_gprs_1.3.a(sim900.o)
 .progmem.data.szCRLF
                0x00002019        0x3 ../../AcroboardStation_v01/Debug\libacrostation_gprs_1.3.a(globals.o)
                0x00002019                szCRLF
 .progmem.data.__c.6577
                0x0000201c        0xc ../../AcroboardStation_v01/Debug\libacrostation_gprs_1.3.a(globals.o)
 .progmem.data.__c.6579
                0x00002028        0x3 ../../AcroboardStation_v01/Debug\libacrostation_gprs_1.3.a(globals.o)
 .progmem.data.__c.6585
                0x0000202b        0xb ../../AcroboardStation_v01/Debug\libacrostation_gprs_1.3.a(globals.o)
 .progmem.data.__c.6587
                0x00002036        0x3 ../../AcroboardStation_v01/Debug\libacrostation_gprs_1.3.a(globals.o)
 .progmem.data.__c.6593
                0x00002039        0xb ../../AcroboardStation_v01/Debug\libacrostation_gprs_1.3.a(globals.o)
 .progmem.data.__c.6595
                0x00002044        0x3 ../../AcroboardStation_v01/Debug\libacrostation_gprs_1.3.a(globals.o)
 .progmem.data.__c.6600
                0x00002047        0xc ../../AcroboardStation_v01/Debug\libacrostation_gprs_1.3.a(globals.o)
 .progmem.data.__c.6602
                0x00002053        0x3 ../../AcroboardStation_v01/Debug\libacrostation_gprs_1.3.a(globals.o)
 .progmem.data.__c.6609
                0x00002056       0x5b ../../AcroboardStation_v01/Debug\libacrostation_gprs_1.3.a(globals.o)
                0x000020b2                . = ALIGN (0x2)
 *fill*         0x000020b1        0x1 
                0x000020b2                __trampolines_start = .
 *(.trampolines)
 .trampolines   0x000020b2        0x0 linker stubs
 *(.trampolines*)
                0x000020b2                __trampolines_end = .
 *(.jumptables)
 *(.jumptables*)
 *(.lowtext)
 *(.lowtext*)
                0x000020b2                __ctors_start = .
 *(.ctors)
                0x000020b2                __ctors_end = .
                0x000020b2                __dtors_start = .
 *(.dtors)
                0x000020b2                __dtors_end = .
 SORT(*)(.ctors)
 SORT(*)(.dtors)
 *(.init0)
 .init0         0x000020b2        0x0 c:/program files (x86)/atmel/atmel toolchain/avr8 gcc/native/3.4.2.1002/avr8-gnu-toolchain/bin/../lib/gcc/avr/4.7.2/../../../../avr/lib/avrxmega6/crtx256a3bu.o
                0x000020b2                __init
 *(.init0)
 *(.init1)
 *(.init1)
 *(.init2)
 .init2         0x000020b2       0x10 c:/program files (x86)/atmel/atmel toolchain/avr8 gcc/native/3.4.2.1002/avr8-gnu-toolchain/bin/../lib/gcc/avr/4.7.2/../../../../avr/lib/avrxmega6/crtx256a3bu.o
 *(.init2)
 *(.init3)
 *(.init3)
 *(.init4)
 .init4         0x000020c2       0x1a c:/program files (x86)/atmel/atmel toolchain/avr8 gcc/native/3.4.2.1002/avr8-gnu-toolchain/bin/../lib/gcc/avr/4.7.2/avrxmega6\libgcc.a(_copy_data.o)
                0x000020c2                __do_copy_data
 .init4         0x000020dc       0x10 c:/program files (x86)/atmel/atmel toolchain/avr8 gcc/native/3.4.2.1002/avr8-gnu-toolchain/bin/../lib/gcc/avr/4.7.2/avrxmega6\libgcc.a(_clear_bss.o)
                0x000020dc                __do_clear_bss
 *(.init4)
 *(.init5)
 *(.init5)
 *(.init6)
 *(.init6)
 *(.init7)
 *(.init7)
 *(.init8)
 *(.init8)
 *(.init9)
 .init9         0x000020ec        0x8 c:/program files (x86)/atmel/atmel toolchain/avr8 gcc/native/3.4.2.1002/avr8-gnu-toolchain/bin/../lib/gcc/avr/4.7.2/../../../../avr/lib/avrxmega6/crtx256a3bu.o
 *(.init9)
 *(.text)
 .text          0x000020f4        0x4 c:/program files (x86)/atmel/atmel toolchain/avr8 gcc/native/3.4.2.1002/avr8-gnu-toolchain/bin/../lib/gcc/avr/4.7.2/../../../../avr/lib/avrxmega6/crtx256a3bu.o
                0x000020f4                __vector_38
                0x000020f4                __vector_104
                0x000020f4                __vector_63
                0x000020f4                __vector_28
                0x000020f4                __vector_67
                0x000020f4                __vector_1
                0x000020f4                __vector_119
                0x000020f4                __vector_32
                0x000020f4                __vector_75
                0x000020f4                __vector_91
                0x000020f4                __vector_34
                0x000020f4                __vector_62
                0x000020f4                __vector_102
                0x000020f4                __vector_24
                0x000020f4                __vector_12
                0x000020f4                __vector_69
                0x000020f4                __vector_90
                0x000020f4                __bad_interrupt
                0x000020f4                __vector_122
                0x000020f4                __vector_114
                0x000020f4                __vector_6
                0x000020f4                __vector_31
                0x000020f4                __vector_92
                0x000020f4                __vector_35
                0x000020f4                __vector_117
                0x000020f4                __vector_107
                0x000020f4                __vector_3
                0x000020f4                __vector_105
                0x000020f4                __vector_98
                0x000020f4                __vector_68
                0x000020f4                __vector_30
                0x000020f4                __vector_45
                0x000020f4                __vector_93
                0x000020f4                __vector_61
                0x000020f4                __vector_99
                0x000020f4                __vector_7
                0x000020f4                __vector_123
                0x000020f4                __vector_100
                0x000020f4                __vector_101
                0x000020f4                __vector_88
                0x000020f4                __vector_43
                0x000020f4                __vector_27
                0x000020f4                __vector_5
                0x000020f4                __vector_33
                0x000020f4                __vector_76
                0x000020f4                __vector_115
                0x000020f4                __vector_37
                0x000020f4                __vector_95
                0x000020f4                __vector_103
                0x000020f4                __vector_96
                0x000020f4                __vector_89
                0x000020f4                __vector_44
                0x000020f4                __vector_106
                0x000020f4                __vector_118
                0x000020f4                __vector_9
                0x000020f4                __vector_2
                0x000020f4                __vector_66
                0x000020f4                __vector_36
                0x000020f4                __vector_70
                0x000020f4                __vector_29
                0x000020f4                __vector_60
                0x000020f4                __vector_121
                0x000020f4                __vector_94
                0x000020f4                __vector_8
                0x000020f4                __vector_26
                0x000020f4                __vector_124
                0x000020f4                __vector_116
                0x000020f4                __vector_57
                0x000020f4                __vector_10
                0x000020f4                __vector_59
                0x000020f4                __vector_97
                0x000020f4                __vector_87
                0x000020f4                __vector_65
                0x000020f4                __vector_120
 .text          0x000020f8       0x52 c:/program files (x86)/atmel/atmel toolchain/avr8 gcc/native/3.4.2.1002/avr8-gnu-toolchain/bin/../lib/gcc/avr/4.7.2/avrxmega6\libgcc.a(_fixunssfsi.o)
                0x000020f8                __fixunssfsi
 .text          0x0000214a      0x162 c:/program files (x86)/atmel/atmel toolchain/avr8 gcc/native/3.4.2.1002/avr8-gnu-toolchain/bin/../lib/gcc/avr/4.7.2/avrxmega6\libgcc.a(_fixunssfdi.o)
                0x0000214a                __fixunssfdi
 .text          0x000022ac      0x132 c:/program files (x86)/atmel/atmel toolchain/avr8 gcc/native/3.4.2.1002/avr8-gnu-toolchain/bin/../lib/gcc/avr/4.7.2/avrxmega6\libgcc.a(_floatundisf.o)
                0x000022ac                __floatundisf
 .text          0x000023de      0x360 c:/program files (x86)/atmel/atmel toolchain/avr8 gcc/native/3.4.2.1002/avr8-gnu-toolchain/bin/../lib/gcc/avr/4.7.2/avrxmega6\libgcc.a(_addsub_sf.o)
                0x00002696                __addsf3
                0x000026e6                __subsf3
 .text          0x0000273e      0x1c4 c:/program files (x86)/atmel/atmel toolchain/avr8 gcc/native/3.4.2.1002/avr8-gnu-toolchain/bin/../lib/gcc/avr/4.7.2/avrxmega6\libgcc.a(_mul_sf.o)
                0x0000273e                __mulsf3
 .text          0x00002902      0x140 c:/program files (x86)/atmel/atmel toolchain/avr8 gcc/native/3.4.2.1002/avr8-gnu-toolchain/bin/../lib/gcc/avr/4.7.2/avrxmega6\libgcc.a(_div_sf.o)
                0x00002902                __divsf3
 .text          0x00002a42       0x58 c:/program files (x86)/atmel/atmel toolchain/avr8 gcc/native/3.4.2.1002/avr8-gnu-toolchain/bin/../lib/gcc/avr/4.7.2/avrxmega6\libgcc.a(_ge_sf.o)
                0x00002a42                __gesf2
 .text          0x00002a9a       0x58 c:/program files (x86)/atmel/atmel toolchain/avr8 gcc/native/3.4.2.1002/avr8-gnu-toolchain/bin/../lib/gcc/avr/4.7.2/avrxmega6\libgcc.a(_lt_sf.o)
                0x00002a9a                __ltsf2
 .text          0x00002af2       0xb6 c:/program files (x86)/atmel/atmel toolchain/avr8 gcc/native/3.4.2.1002/avr8-gnu-toolchain/bin/../lib/gcc/avr/4.7.2/avrxmega6\libgcc.a(_si_to_sf.o)
                0x00002af2                __floatsisf
 .text          0x00002ba8       0x9c c:/program files (x86)/atmel/atmel toolchain/avr8 gcc/native/3.4.2.1002/avr8-gnu-toolchain/bin/../lib/gcc/avr/4.7.2/avrxmega6\libgcc.a(_sf_to_si.o)
                0x00002ba8                __fixsfsi
 .text          0x00002c44       0xea c:/program files (x86)/atmel/atmel toolchain/avr8 gcc/native/3.4.2.1002/avr8-gnu-toolchain/bin/../lib/gcc/avr/4.7.2/avrxmega6\libgcc.a(_usi_to_sf.o)
                0x00002c44                __floatunsisf
 .text          0x00002d2e      0x194 c:/program files (x86)/atmel/atmel toolchain/avr8 gcc/native/3.4.2.1002/avr8-gnu-toolchain/bin/../lib/gcc/avr/4.7.2/avrxmega6\libgcc.a(_pack_sf.o)
                0x00002d2e                __pack_f
 .text          0x00002ec2       0xde c:/program files (x86)/atmel/atmel toolchain/avr8 gcc/native/3.4.2.1002/avr8-gnu-toolchain/bin/../lib/gcc/avr/4.7.2/avrxmega6\libgcc.a(_unpack_sf.o)
                0x00002ec2                __unpack_f
 .text          0x00002fa0       0xc2 c:/program files (x86)/atmel/atmel toolchain/avr8 gcc/native/3.4.2.1002/avr8-gnu-toolchain/bin/../lib/gcc/avr/4.7.2/avrxmega6\libgcc.a(_fpcmp_parts_sf.o)
                0x00002fa0                __fpcmp_parts_f
                0x00003062                . = ALIGN (0x2)
 *(.text.*)
 .text.cpu_irq_save
                0x00003062       0x20 laspezia.o
 .text.cpu_irq_restore
                0x00003082       0x1e laspezia.o
 .text.sleepmgr_init
                0x000030a0       0x36 laspezia.o
 .text.sysclk_get_main_hz
                0x000030d6       0x1a laspezia.o
 .text.sysclk_get_per4_hz
                0x000030f0       0x38 laspezia.o
 .text.sysclk_get_per2_hz
                0x00003128       0x18 laspezia.o
 .text.sysclk_get_per_hz
                0x00003140       0x18 laspezia.o
 .text.sysclk_get_cpu_hz
                0x00003158       0x18 laspezia.o
 .text.__portable_avr_delay_cycles
                0x00003170        0xc laspezia.o
 .text.ioport_toggle_pin
                0x0000317c       0x76 laspezia.o
 .text.pmic_init
                0x000031f2       0x18 laspezia.o
 .text.usart_set_rx_interrupt_level
                0x0000320a       0x46 laspezia.o
 .text.usart_set_tx_interrupt_level
                0x00003250       0x42 laspezia.o
 .text.main     0x00003292      0x4ae laspezia.o
                0x00003292                main
 .text.cfg_get  0x00003740       0x6c services/config/config.o
 .text.cfg_check
                0x000037ac       0x3a services/config/config.o
                0x000037ac                cfg_check
 .text.cfg_get_sim_pin
                0x000037e6       0x28 services/config/config.o
                0x000037e6                cfg_get_sim_pin
 .text.cfg_get_gprs_apn
                0x0000380e       0x28 services/config/config.o
                0x0000380e                cfg_get_gprs_apn
 .text.cfg_get_aws_id
                0x00003836       0x28 services/config/config.o
                0x00003836                cfg_get_aws_id
 .text.cfg_get_service_url_time
                0x0000385e       0x28 services/config/config.o
                0x0000385e                cfg_get_service_url_time
 .text.cfg_get_service_url_send
                0x00003886       0x28 services/config/config.o
                0x00003886                cfg_get_service_url_send
 .text.cfg_get_datalogger_timings
                0x000038ae       0x8e services/config/config.o
                0x000038ae                cfg_get_datalogger_timings
 .text.sleep_set_mode
                0x0000393c       0x2c services/datalogger/datalogger.o
 .text.sleepmgr_sleep
                0x00003968       0x4e services/datalogger/datalogger.o
 .text.sleepmgr_get_sleep_mode
                0x000039b6       0x40 services/datalogger/datalogger.o
 .text.sleepmgr_enter_sleep
                0x000039f6       0x26 services/datalogger/datalogger.o
 .text.sysclk_get_main_hz
                0x00003a1c       0x1a services/datalogger/datalogger.o
 .text.sysclk_get_per4_hz
                0x00003a36       0x38 services/datalogger/datalogger.o
 .text.sysclk_get_per2_hz
                0x00003a6e       0x18 services/datalogger/datalogger.o
 .text.sysclk_get_per_hz
                0x00003a86       0x18 services/datalogger/datalogger.o
 .text.sysclk_get_cpu_hz
                0x00003a9e       0x18 services/datalogger/datalogger.o
 .text.__portable_avr_delay_cycles
                0x00003ab6        0xc services/datalogger/datalogger.o
 .text.ioport_toggle_pin
                0x00003ac2       0x76 services/datalogger/datalogger.o
 .text.rtc_set_alarm_relative
                0x00003b38       0x40 services/datalogger/datalogger.o
 .text.tc_write_clock_source
                0x00003b78       0x36 services/datalogger/datalogger.o
 .text.tc_read_clock_source
                0x00003bae       0x24 services/datalogger/datalogger.o
 .text.tc_get_resolution
                0x00003bd2      0x152 services/datalogger/datalogger.o
 .text.tc_set_direction
                0x00003d24       0x4c services/datalogger/datalogger.o
 .text.tc_write_period
                0x00003d70       0x2e services/datalogger/datalogger.o
 .text.usart_serial_init
                0x00003d9e       0xe8 services/datalogger/datalogger.o
 .text.AT24CXX_iterator_to_address
                0x00003e86       0x5a services/datalogger/datalogger.o
 .text.datalogger_tick
                0x00003ee0      0x266 services/datalogger/datalogger.o
 .text.datalogger_read_iterators_from_eeprom
                0x00004146      0x3b2 services/datalogger/datalogger.o
 .text.datalogger_write_iterators_to_eeprom
                0x000044f8      0x678 services/datalogger/datalogger.o
 .text.datalogger_init_iterators_to_eeprom
                0x00004b70      0x36a services/datalogger/datalogger.o
 .text.datalogger_reset_eeprom
                0x00004eda      0x1d0 services/datalogger/datalogger.o
 .text.datalogger_init
                0x000050aa      0xb8c services/datalogger/datalogger.o
                0x000050aa                datalogger_init
 .text.dl_task_sync_time
                0x00005c36      0x240 services/datalogger/datalogger.o
                0x00005c36                dl_task_sync_time
 .text.dl_task_cmd_check_prepare
                0x00005e76       0x8c services/datalogger/datalogger.o
 .text.dl_task_send_data_prepare_RT
                0x00005f02       0xa6 services/datalogger/datalogger.o
                0x00005f02                dl_task_send_data_prepare_RT
 .text.dl_iterator_moveback_with_cap
                0x00005fa8      0x17a services/datalogger/datalogger.o
 .text.dl_iterator_moveforward_with_cap
                0x00006122      0x186 services/datalogger/datalogger.o
 .text.dl_iterator_moveback
                0x000062a8      0x102 services/datalogger/datalogger.o
 .text.dl_iterator_moveforward
                0x000063aa      0x110 services/datalogger/datalogger.o
 .text.dl_get_record
                0x000064ba      0x222 services/datalogger/datalogger.o
 .text.dl_search_record_by_date
                0x000066dc      0x4bc services/datalogger/datalogger.o
 .text.dl_cmd_get_by_date_range
                0x00006b98       0xbe services/datalogger/datalogger.o
 .text.dl_task_cmd_check_2
                0x00006c56      0x1b0 services/datalogger/datalogger.o
 .text.dl_task_cmd_check_1
                0x00006e06      0x1cc services/datalogger/datalogger.o
 .text.dl_task_cmd_check
                0x00006fd2       0x66 services/datalogger/datalogger.o
                0x00006fd2                dl_task_cmd_check
 .text.dl_task_send_data_RT
                0x00007038       0x76 services/datalogger/datalogger.o
                0x00007038                dl_task_send_data_RT
 .text.dl_task_send_data
                0x000070ae       0x70 services/datalogger/datalogger.o
                0x000070ae                dl_task_send_data
 .text.send_data_with_post
                0x0000711e      0xa48 services/datalogger/datalogger.o
 .text.dl_snapshot_iter_inc
                0x00007b66       0x44 services/datalogger/datalogger.o
 .text.dl_snapshot_init
                0x00007baa       0x6c services/datalogger/datalogger.o
 .text.dl_snapshot_make
                0x00007c16       0xe6 services/datalogger/datalogger.o
 .text.dl_task_store_data
                0x00007cfc      0x734 services/datalogger/datalogger.o
                0x00007cfc                dl_task_store_data
 .text.datalogger_run
                0x00008430       0xfe services/datalogger/datalogger.o
                0x00008430                datalogger_run
 .text.dl_test_now
                0x0000852e       0x1e services/datalogger/datalogger.o
 .text.adc_start_conversion.constprop.8
                0x0000854c       0x12 ../../AcroboardStation_v01/Debug\libacrostation_gprs_1.3.a(alphasense.o)
 .text.alphasense_get_stats
                0x0000855e       0xc8 ../../AcroboardStation_v01/Debug\libacrostation_gprs_1.3.a(alphasense.o)
                0x0000855e                alphasense_get_stats
 .text.alphasense_adc_getValue
                0x00008626      0x21c ../../AcroboardStation_v01/Debug\libacrostation_gprs_1.3.a(alphasense.o)
                0x00008626                alphasense_adc_getValue
 .text.AT24CXX_internalWrite
                0x00008842      0x134 ../../AcroboardStation_v01/Debug\libacrostation_gprs_1.3.a(AT24CXX.o)
 .text.AT24CXX_internalRead
                0x00008976      0x134 ../../AcroboardStation_v01/Debug\libacrostation_gprs_1.3.a(AT24CXX.o)
 .text.AT24CXX_Init
                0x00008aaa       0x6a ../../AcroboardStation_v01/Debug\libacrostation_gprs_1.3.a(AT24CXX.o)
                0x00008aaa                AT24CXX_Init
 .text.AT24CXX_WriteBlockA
                0x00008b14       0x48 ../../AcroboardStation_v01/Debug\libacrostation_gprs_1.3.a(AT24CXX.o)
                0x00008b14                AT24CXX_WriteBlockA
 .text.AT24CXX_ReadBlockA
                0x00008b5c       0x48 ../../AcroboardStation_v01/Debug\libacrostation_gprs_1.3.a(AT24CXX.o)
                0x00008b5c                AT24CXX_ReadBlockA
 .text.AT24CXX_iterator_report
                0x00008ba4       0xba ../../AcroboardStation_v01/Debug\libacrostation_gprs_1.3.a(AT24CXX.o)
                0x00008ba4                AT24CXX_iterator_report
 .text.__portable_avr_delay_cycles.constprop.3
                0x00008c5e       0x12 ../../AcroboardStation_v01/Debug\libacrostation_gprs_1.3.a(DS18B20.o)
 .text.DS18B20_write_byte
                0x00008c70       0x48 ../../AcroboardStation_v01/Debug\libacrostation_gprs_1.3.a(DS18B20.o)
 .text.DS18B20_reset
                0x00008cb8       0x60 ../../AcroboardStation_v01/Debug\libacrostation_gprs_1.3.a(DS18B20.o)
 .text.DS18B20_get_stats
                0x00008d18       0x78 ../../AcroboardStation_v01/Debug\libacrostation_gprs_1.3.a(DS18B20.o)
                0x00008d18                DS18B20_get_stats
 .text.DS18B20_getValue
                0x00008d90      0x1c8 ../../AcroboardStation_v01/Debug\libacrostation_gprs_1.3.a(DS18B20.o)
                0x00008d90                DS18B20_getValue
 .text.__portable_avr_delay_cycles.constprop.3
                0x00008f58       0x12 ../../AcroboardStation_v01/Debug\libacrostation_gprs_1.3.a(DS18B20_2.o)
 .text.DS18B20_2_write_byte
                0x00008f6a       0x48 ../../AcroboardStation_v01/Debug\libacrostation_gprs_1.3.a(DS18B20_2.o)
 .text.DS18B20_2_reset
                0x00008fb2       0x60 ../../AcroboardStation_v01/Debug\libacrostation_gprs_1.3.a(DS18B20_2.o)
 .text.DS18B20_2_get_stats
                0x00009012       0x78 ../../AcroboardStation_v01/Debug\libacrostation_gprs_1.3.a(DS18B20_2.o)
                0x00009012                DS18B20_2_get_stats
 .text.DS18B20_2_getValue
                0x0000908a      0x1c8 ../../AcroboardStation_v01/Debug\libacrostation_gprs_1.3.a(DS18B20_2.o)
                0x0000908a                DS18B20_2_getValue
 .text.PM10Qbit_init
                0x00009252       0x9e ../../AcroboardStation_v01/Debug\libacrostation_gprs_1.3.a(PM10Qbit.o)
                0x00009252                PM10Qbit_init
 .text.PM10Qbit_get_value
                0x000092f0       0xae ../../AcroboardStation_v01/Debug\libacrostation_gprs_1.3.a(PM10Qbit.o)
                0x000092f0                PM10Qbit_get_value
 .text.__vector_25
                0x0000939e      0x17a ../../AcroboardStation_v01/Debug\libacrostation_gprs_1.3.a(PM10Qbit.o)
                0x0000939e                __vector_25
 .text.raingauge_reset_stats
                0x00009518       0x36 ../../AcroboardStation_v01/Debug\libacrostation_gprs_1.3.a(pulse_raingauge.o)
                0x00009518                raingauge_reset_stats
 .text.raingauge_get_stats
                0x0000954e       0x1a ../../AcroboardStation_v01/Debug\libacrostation_gprs_1.3.a(pulse_raingauge.o)
                0x0000954e                raingauge_get_stats
 .text.raingauge_init
                0x00009568       0x32 ../../AcroboardStation_v01/Debug\libacrostation_gprs_1.3.a(pulse_raingauge.o)
                0x00009568                raingauge_init
 .text.__vector_4
                0x0000959a       0xa0 ../../AcroboardStation_v01/Debug\libacrostation_gprs_1.3.a(pulse_raingauge.o)
                0x0000959a                __vector_4
 .text.__portable_avr_delay_cycles
                0x0000963a        0xc ../../AcroboardStation_v01/Debug\libacrostation_gprs_1.3.a(VBusMon.o)
 .text.statusled_blink.constprop.0
                0x00009646       0x50 ../../AcroboardStation_v01/Debug\libacrostation_gprs_1.3.a(VBusMon.o)
 .text.VBusMon_init
                0x00009696       0x1c ../../AcroboardStation_v01/Debug\libacrostation_gprs_1.3.a(VBusMon.o)
                0x00009696                VBusMon_init
 .text.VBusMon_check
                0x000096b2       0x66 ../../AcroboardStation_v01/Debug\libacrostation_gprs_1.3.a(VBusMon.o)
                0x000096b2                VBusMon_check
 .text.__vector_64
                0x00009718       0x4e ../../AcroboardStation_v01/Debug\libacrostation_gprs_1.3.a(VBusMon.o)
                0x00009718                __vector_64
 .text.__portable_avr_delay_cycles.constprop.5
                0x00009766       0x10 ../../AcroboardStation_v01/Debug\libacrostation_gprs_1.3.a(voltmeter.o)
 .text.adc_start_conversion.constprop.12
                0x00009776       0x12 ../../AcroboardStation_v01/Debug\libacrostation_gprs_1.3.a(voltmeter.o)
 .text.ReadCalibrationBytes
                0x00009788       0x12 ../../AcroboardStation_v01/Debug\libacrostation_gprs_1.3.a(voltmeter.o)
                0x00009788                ReadCalibrationBytes
 .text.voltmeter_init
                0x0000979a       0x1a ../../AcroboardStation_v01/Debug\libacrostation_gprs_1.3.a(voltmeter.o)
                0x0000979a                voltmeter_init
 .text.voltmeter_getValue
                0x000097b4      0x210 ../../AcroboardStation_v01/Debug\libacrostation_gprs_1.3.a(voltmeter.o)
                0x000097b4                voltmeter_getValue
 .text.thermometer_getValue
                0x000099c4      0x114 ../../AcroboardStation_v01/Debug\libacrostation_gprs_1.3.a(voltmeter.o)
                0x000099c4                thermometer_getValue
 .text.__portable_avr_delay_cycles
                0x00009ad8        0xc ../../AcroboardStation_v01/Debug\libacrostation_gprs_1.3.a(sim900.o)
 .text.sim900_wait_data_on_usart
                0x00009ae4       0x48 ../../AcroboardStation_v01/Debug\libacrostation_gprs_1.3.a(sim900.o)
 .text.sim900_power_toggle
                0x00009b2c       0x2a ../../AcroboardStation_v01/Debug\libacrostation_gprs_1.3.a(sim900.o)
 .text.statusled_blink.constprop.7
                0x00009b56       0x38 ../../AcroboardStation_v01/Debug\libacrostation_gprs_1.3.a(sim900.o)
 .text.sim900_read_string
                0x00009b8e      0x108 ../../AcroboardStation_v01/Debug\libacrostation_gprs_1.3.a(sim900.o)
 .text.sim900_put_string.part.0
                0x00009c96       0x40 ../../AcroboardStation_v01/Debug\libacrostation_gprs_1.3.a(sim900.o)
 .text.sim900_put_string
                0x00009cd6       0x3c ../../AcroboardStation_v01/Debug\libacrostation_gprs_1.3.a(sim900.o)
 .text.sim900_cmd_with_read_string.constprop.4
                0x00009d12       0x88 ../../AcroboardStation_v01/Debug\libacrostation_gprs_1.3.a(sim900.o)
 .text.sim900_wait_string.constprop.5
                0x00009d9a       0x98 ../../AcroboardStation_v01/Debug\libacrostation_gprs_1.3.a(sim900.o)
 .text.sim900_wait4dictionary
                0x00009e32      0x15c ../../AcroboardStation_v01/Debug\libacrostation_gprs_1.3.a(sim900.o)
 .text.sim900_wait_retstring
                0x00009f8e        0x8 ../../AcroboardStation_v01/Debug\libacrostation_gprs_1.3.a(sim900.o)
 .text.sim900_cmd_with_retstring.constprop.3
                0x00009f96       0x1e ../../AcroboardStation_v01/Debug\libacrostation_gprs_1.3.a(sim900.o)
 .text.sim900_power_off
                0x00009fb4       0x1e ../../AcroboardStation_v01/Debug\libacrostation_gprs_1.3.a(sim900.o)
                0x00009fb4                sim900_power_off
 .text.sim900_init
                0x00009fd2      0x368 ../../AcroboardStation_v01/Debug\libacrostation_gprs_1.3.a(sim900.o)
                0x00009fd2                sim900_init
 .text.sim900_GPRS_init
                0x0000a33a      0x232 ../../AcroboardStation_v01/Debug\libacrostation_gprs_1.3.a(sim900.o)
                0x0000a33a                sim900_GPRS_init
 .text.sim900_GPRS_simple_open
                0x0000a56c       0x4c ../../AcroboardStation_v01/Debug\libacrostation_gprs_1.3.a(sim900.o)
                0x0000a56c                sim900_GPRS_simple_open
 .text.sim900_GPRS_close
                0x0000a5b8       0x1e ../../AcroboardStation_v01/Debug\libacrostation_gprs_1.3.a(sim900.o)
                0x0000a5b8                sim900_GPRS_close
 .text.sim900_GPRS_simple_close
                0x0000a5d6        0x2 ../../AcroboardStation_v01/Debug\libacrostation_gprs_1.3.a(sim900.o)
                0x0000a5d6                sim900_GPRS_simple_close
 .text.sim900_http_read
                0x0000a5d8       0xc6 ../../AcroboardStation_v01/Debug\libacrostation_gprs_1.3.a(sim900.o)
                0x0000a5d8                sim900_http_read
 .text.sim900_http_get
                0x0000a69e      0x1c0 ../../AcroboardStation_v01/Debug\libacrostation_gprs_1.3.a(sim900.o)
                0x0000a69e                sim900_http_get
 .text.sim900_http_post
                0x0000a85e      0x1d6 ../../AcroboardStation_v01/Debug\libacrostation_gprs_1.3.a(sim900.o)
                0x0000a85e                sim900_http_post
 .text.sim900_http_close
                0x0000aa34       0x1e ../../AcroboardStation_v01/Debug\libacrostation_gprs_1.3.a(sim900.o)
                0x0000aa34                sim900_http_close
 .text.__vector_58
                0x0000aa52       0x52 ../../AcroboardStation_v01/Debug\libacrostation_gprs_1.3.a(sim900.o)
                0x0000aa52                __vector_58
 .text.usart_interruptdriver_initialize
                0x0000aaa4       0x14 ../../AcroboardStation_v01/Debug\libacrostation_gprs_1.3.a(buffer_usart.o)
                0x0000aaa4                usart_interruptdriver_initialize
 .text.USART_RX_CBuffer_Complete
                0x0000aab8       0x3e ../../AcroboardStation_v01/Debug\libacrostation_gprs_1.3.a(cbuffer_usart.o)
                0x0000aab8                USART_RX_CBuffer_Complete
 .text.board_init
                0x0000aaf6       0xb8 ../../AcroboardStation_v01/Debug\libacrostation_gprs_1.3.a(init.o)
                0x0000aaf6                board_init
 .text.calendar_leapyear
                0x0000abae       0x2e ../../AcroboardStation_v01/Debug\libacrostation_gprs_1.3.a(calendar.o)
 .text.calendar_timestamp_to_date
                0x0000abdc      0x116 ../../AcroboardStation_v01/Debug\libacrostation_gprs_1.3.a(calendar.o)
                0x0000abdc                calendar_timestamp_to_date
 .text.adc_enable_clock
                0x0000acf2       0x40 ../../AcroboardStation_v01/Debug\libacrostation_gprs_1.3.a(adc.o)
                0x0000acf2                adc_enable_clock
 .text.adc_disable_clock
                0x0000ad32       0x3c ../../AcroboardStation_v01/Debug\libacrostation_gprs_1.3.a(adc.o)
                0x0000ad32                adc_disable_clock
 .text.adc_enable
                0x0000ad6e       0x2e ../../AcroboardStation_v01/Debug\libacrostation_gprs_1.3.a(adc.o)
                0x0000ad6e                adc_enable
 .text.adc_disable
                0x0000ad9c       0x26 ../../AcroboardStation_v01/Debug\libacrostation_gprs_1.3.a(adc.o)
                0x0000ad9c                adc_disable
 .text.nvm_read_production_signature_row
                0x0000adc2        0xa ../../AcroboardStation_v01/Debug\libacrostation_gprs_1.3.a(adc_aau.o)
 .text.adc_get_calibration_data.part.0
                0x0000adcc       0x1c ../../AcroboardStation_v01/Debug\libacrostation_gprs_1.3.a(adc_aau.o)
 .text.__vector_71
                0x0000ade8       0x64 ../../AcroboardStation_v01/Debug\libacrostation_gprs_1.3.a(adc_aau.o)
                0x0000ade8                __vector_71
 .text.__vector_72
                0x0000ae4c       0x64 ../../AcroboardStation_v01/Debug\libacrostation_gprs_1.3.a(adc_aau.o)
                0x0000ae4c                __vector_72
 .text.__vector_73
                0x0000aeb0       0x64 ../../AcroboardStation_v01/Debug\libacrostation_gprs_1.3.a(adc_aau.o)
                0x0000aeb0                __vector_73
 .text.__vector_74
                0x0000af14       0x64 ../../AcroboardStation_v01/Debug\libacrostation_gprs_1.3.a(adc_aau.o)
                0x0000af14                __vector_74
 .text.__vector_39
                0x0000af78       0x64 ../../AcroboardStation_v01/Debug\libacrostation_gprs_1.3.a(adc_aau.o)
                0x0000af78                __vector_39
 .text.__vector_40
                0x0000afdc       0x64 ../../AcroboardStation_v01/Debug\libacrostation_gprs_1.3.a(adc_aau.o)
                0x0000afdc                __vector_40
 .text.__vector_41
                0x0000b040       0x64 ../../AcroboardStation_v01/Debug\libacrostation_gprs_1.3.a(adc_aau.o)
                0x0000b040                __vector_41
 .text.__vector_42
                0x0000b0a4       0x64 ../../AcroboardStation_v01/Debug\libacrostation_gprs_1.3.a(adc_aau.o)
                0x0000b0a4                __vector_42
 .text.adc_write_configuration
                0x0000b108       0x84 ../../AcroboardStation_v01/Debug\libacrostation_gprs_1.3.a(adc_aau.o)
                0x0000b108                adc_write_configuration
 .text.adc_read_configuration
                0x0000b18c       0x46 ../../AcroboardStation_v01/Debug\libacrostation_gprs_1.3.a(adc_aau.o)
                0x0000b18c                adc_read_configuration
 .text.adcch_write_configuration
                0x0000b1d2       0x90 ../../AcroboardStation_v01/Debug\libacrostation_gprs_1.3.a(adc_aau.o)
                0x0000b1d2                adcch_write_configuration
 .text.adcch_read_configuration
                0x0000b262       0x90 ../../AcroboardStation_v01/Debug\libacrostation_gprs_1.3.a(adc_aau.o)
                0x0000b262                adcch_read_configuration
 .text.wdt_wait_while_busy
                0x0000b2f2        0xa ../../AcroboardStation_v01/Debug\libacrostation_gprs_1.3.a(wdt.o)
 .text.wdt_set_timeout_period
                0x0000b2fc       0x18 ../../AcroboardStation_v01/Debug\libacrostation_gprs_1.3.a(wdt.o)
                0x0000b2fc                wdt_set_timeout_period
 .text.wdt_enable
                0x0000b314       0x10 ../../AcroboardStation_v01/Debug\libacrostation_gprs_1.3.a(wdt.o)
                0x0000b314                wdt_enable
 .text.wdt_reset_mcu
                0x0000b324       0x18 ../../AcroboardStation_v01/Debug\libacrostation_gprs_1.3.a(wdt.o)
                0x0000b324                wdt_reset_mcu
 .text.debug_string
                0x0000b33c       0x54 ../../AcroboardStation_v01/Debug\libacrostation_gprs_1.3.a(globals.o)
                0x0000b33c                debug_string
 .text.debug_string_P
                0x0000b390        0x4 ../../AcroboardStation_v01/Debug\libacrostation_gprs_1.3.a(globals.o)
                0x0000b390                debug_string_P
 .text.debug_function_out_name_print
                0x0000b394       0x28 ../../AcroboardStation_v01/Debug\libacrostation_gprs_1.3.a(globals.o)
                0x0000b394                debug_function_out_name_print
 .text.debug_function_in_name_print
                0x0000b3bc       0x2a ../../AcroboardStation_v01/Debug\libacrostation_gprs_1.3.a(globals.o)
                0x0000b3bc                debug_function_in_name_print
 .text.debug_function_in_name_print_P
                0x0000b3e6       0x26 ../../AcroboardStation_v01/Debug\libacrostation_gprs_1.3.a(globals.o)
                0x0000b3e6                debug_function_in_name_print_P
 .text.debug_function_out_name_print_P
                0x0000b40c       0x28 ../../AcroboardStation_v01/Debug\libacrostation_gprs_1.3.a(globals.o)
                0x0000b40c                debug_function_out_name_print_P
 .text.dump_rainstats_to_log
                0x0000b434       0xca ../../AcroboardStation_v01/Debug\libacrostation_gprs_1.3.a(globals.o)
                0x0000b434                dump_rainstats_to_log
 .text.vbus_action
                0x0000b4fe        0xa ../../AcroboardStation_v01/Debug\libacrostation_gprs_1.3.a(globals.o)
                0x0000b4fe                vbus_action
 .text.cdc_enable
                0x0000b508        0x8 ../../AcroboardStation_v01/Debug\libacrostation_gprs_1.3.a(globals.o)
                0x0000b508                cdc_enable
 .text.cdc_disable
                0x0000b510        0x6 ../../AcroboardStation_v01/Debug\libacrostation_gprs_1.3.a(globals.o)
                0x0000b510                cdc_disable
 .text.cdc_set_dtr
                0x0000b516       0x12 ../../AcroboardStation_v01/Debug\libacrostation_gprs_1.3.a(globals.o)
                0x0000b516                cdc_set_dtr
 .text.osc_enable_internal
                0x0000b528       0x12 ../../AcroboardStation_v01/Debug\libacrostation_gprs_1.3.a(sysclk.o)
 .text.osc_enable_autocalibration.constprop.4
                0x0000b53a       0x38 ../../AcroboardStation_v01/Debug\libacrostation_gprs_1.3.a(sysclk.o)
 .text.sysclk_init
                0x0000b572       0x9a ../../AcroboardStation_v01/Debug\libacrostation_gprs_1.3.a(sysclk.o)
                0x0000b572                sysclk_init
 .text.sysclk_enable_module
                0x0000b60c       0x16 ../../AcroboardStation_v01/Debug\libacrostation_gprs_1.3.a(sysclk.o)
                0x0000b60c                sysclk_enable_module
 .text.sysclk_disable_module
                0x0000b622       0x14 ../../AcroboardStation_v01/Debug\libacrostation_gprs_1.3.a(sysclk.o)
                0x0000b622                sysclk_disable_module
 .text.sysclk_enable_usb
                0x0000b636       0x36 ../../AcroboardStation_v01/Debug\libacrostation_gprs_1.3.a(sysclk.o)
                0x0000b636                sysclk_enable_usb
 .text.sysclk_disable_usb
                0x0000b66c       0x10 ../../AcroboardStation_v01/Debug\libacrostation_gprs_1.3.a(sysclk.o)
                0x0000b66c                sysclk_disable_usb
 .text.ioport_configure_port_pin
                0x0000b67c       0x44 ../../AcroboardStation_v01/Debug\libacrostation_gprs_1.3.a(ioport_compat.o)
                0x0000b67c                ioport_configure_port_pin
 .text.udc_valid_address
                0x0000b6c0        0xa ../../AcroboardStation_v01/Debug\libacrostation_gprs_1.3.a(udc.o)
 .text.udc_update_iface_desc
                0x0000b6ca       0x66 ../../AcroboardStation_v01/Debug\libacrostation_gprs_1.3.a(udc.o)
 .text.udc_next_desc_in_iface.constprop.3
                0x0000b730       0x3e ../../AcroboardStation_v01/Debug\libacrostation_gprs_1.3.a(udc.o)
 .text.udc_iface_disable
                0x0000b76e       0x7a ../../AcroboardStation_v01/Debug\libacrostation_gprs_1.3.a(udc.o)
 .text.udc_iface_enable
                0x0000b7e8       0x68 ../../AcroboardStation_v01/Debug\libacrostation_gprs_1.3.a(udc.o)
 .text.udc_start
                0x0000b850        0x4 ../../AcroboardStation_v01/Debug\libacrostation_gprs_1.3.a(udc.o)
                0x0000b850                udc_start
 .text.udc_reset
                0x0000b854       0x40 ../../AcroboardStation_v01/Debug\libacrostation_gprs_1.3.a(udc.o)
                0x0000b854                udc_reset
 .text.udc_stop
                0x0000b894        0x6 ../../AcroboardStation_v01/Debug\libacrostation_gprs_1.3.a(udc.o)
                0x0000b894                udc_stop
 .text.udc_sof_notify
                0x0000b89a       0x4c ../../AcroboardStation_v01/Debug\libacrostation_gprs_1.3.a(udc.o)
                0x0000b89a                udc_sof_notify
 .text.udc_process_setup
                0x0000b8e6      0x4c4 ../../AcroboardStation_v01/Debug\libacrostation_gprs_1.3.a(udc.o)
                0x0000b8e6                udc_process_setup
 .text.ccp_write_io
                0x0000bdaa        0xc ../../AcroboardStation_v01/Debug\libacrostation_gprs_1.3.a(ccp.o)
                0x0000bdaa                ccp_write_io
 .text.nvm_wait_until_ready
                0x0000bdb6        0xa ../../AcroboardStation_v01/Debug\libacrostation_gprs_1.3.a(nvm.o)
 .text.nvm_eeprom_read_buffer
                0x0000bdc0       0x60 ../../AcroboardStation_v01/Debug\libacrostation_gprs_1.3.a(nvm.o)
                0x0000bdc0                nvm_eeprom_read_buffer
 .text.nvm_flash_read_buffer
                0x0000be20       0x68 ../../AcroboardStation_v01/Debug\libacrostation_gprs_1.3.a(nvm.o)
                0x0000be20                nvm_flash_read_buffer
 .text.nvm_read_byte
                0x0000be88       0x14 ../../AcroboardStation_v01/Debug\libacrostation_gprs_1.3.a(nvm_asm.o)
                0x0000be88                nvm_read_byte
 .text.__portable_avr_delay_cycles.constprop.0
                0x0000be9c       0x10 ../../AcroboardStation_v01/Debug\libacrostation_gprs_1.3.a(rtc32.o)
 .text.rtc_set_time
                0x0000beac       0x24 ../../AcroboardStation_v01/Debug\libacrostation_gprs_1.3.a(rtc32.o)
                0x0000beac                rtc_set_time
 .text.rtc_get_time
                0x0000bed0       0x2c ../../AcroboardStation_v01/Debug\libacrostation_gprs_1.3.a(rtc32.o)
                0x0000bed0                rtc_get_time
 .text.rtc_set_alarm
                0x0000befc       0x16 ../../AcroboardStation_v01/Debug\libacrostation_gprs_1.3.a(rtc32.o)
                0x0000befc                rtc_set_alarm
 .text.rtc_set_callback
                0x0000bf12        0xa ../../AcroboardStation_v01/Debug\libacrostation_gprs_1.3.a(rtc32.o)
                0x0000bf12                rtc_set_callback
 .text.rtc_vbat_system_check
                0x0000bf1c       0x56 ../../AcroboardStation_v01/Debug\libacrostation_gprs_1.3.a(rtc32.o)
                0x0000bf1c                rtc_vbat_system_check
 .text.rtc_init
                0x0000bf72       0x86 ../../AcroboardStation_v01/Debug\libacrostation_gprs_1.3.a(rtc32.o)
                0x0000bf72                rtc_init
 .text.__vector_11
                0x0000bff8       0x7c ../../AcroboardStation_v01/Debug\libacrostation_gprs_1.3.a(rtc32.o)
                0x0000bff8                __vector_11
 .text.__vector_14
                0x0000c074       0x5a ../../AcroboardStation_v01/Debug\libacrostation_gprs_1.3.a(tc.o)
                0x0000c074                __vector_14
 .text.__vector_15
                0x0000c0ce       0x5a ../../AcroboardStation_v01/Debug\libacrostation_gprs_1.3.a(tc.o)
                0x0000c0ce                __vector_15
 .text.__vector_16
                0x0000c128       0x5a ../../AcroboardStation_v01/Debug\libacrostation_gprs_1.3.a(tc.o)
                0x0000c128                __vector_16
 .text.__vector_17
                0x0000c182       0x5a ../../AcroboardStation_v01/Debug\libacrostation_gprs_1.3.a(tc.o)
                0x0000c182                __vector_17
 .text.__vector_18
                0x0000c1dc       0x5a ../../AcroboardStation_v01/Debug\libacrostation_gprs_1.3.a(tc.o)
                0x0000c1dc                __vector_18
 .text.__vector_19
                0x0000c236       0x5a ../../AcroboardStation_v01/Debug\libacrostation_gprs_1.3.a(tc.o)
                0x0000c236                __vector_19
 .text.__vector_20
                0x0000c290       0x5a ../../AcroboardStation_v01/Debug\libacrostation_gprs_1.3.a(tc.o)
                0x0000c290                __vector_20
 .text.__vector_21
                0x0000c2ea       0x5a ../../AcroboardStation_v01/Debug\libacrostation_gprs_1.3.a(tc.o)
                0x0000c2ea                __vector_21
 .text.__vector_22
                0x0000c344       0x5a ../../AcroboardStation_v01/Debug\libacrostation_gprs_1.3.a(tc.o)
                0x0000c344                __vector_22
 .text.__vector_23
                0x0000c39e       0x5a ../../AcroboardStation_v01/Debug\libacrostation_gprs_1.3.a(tc.o)
                0x0000c39e                __vector_23
 .text.__vector_77
                0x0000c3f8       0x5a ../../AcroboardStation_v01/Debug\libacrostation_gprs_1.3.a(tc.o)
                0x0000c3f8                __vector_77
 .text.__vector_78
                0x0000c452       0x5a ../../AcroboardStation_v01/Debug\libacrostation_gprs_1.3.a(tc.o)
                0x0000c452                __vector_78
 .text.__vector_79
                0x0000c4ac       0x5a ../../AcroboardStation_v01/Debug\libacrostation_gprs_1.3.a(tc.o)
                0x0000c4ac                __vector_79
 .text.__vector_80
                0x0000c506       0x5a ../../AcroboardStation_v01/Debug\libacrostation_gprs_1.3.a(tc.o)
                0x0000c506                __vector_80
 .text.__vector_81
                0x0000c560       0x5a ../../AcroboardStation_v01/Debug\libacrostation_gprs_1.3.a(tc.o)
                0x0000c560                __vector_81
 .text.__vector_82
                0x0000c5ba       0x5a ../../AcroboardStation_v01/Debug\libacrostation_gprs_1.3.a(tc.o)
                0x0000c5ba                __vector_82
 .text.__vector_83
                0x0000c614       0x5a ../../AcroboardStation_v01/Debug\libacrostation_gprs_1.3.a(tc.o)
                0x0000c614                __vector_83
 .text.__vector_84
                0x0000c66e       0x5a ../../AcroboardStation_v01/Debug\libacrostation_gprs_1.3.a(tc.o)
                0x0000c66e                __vector_84
 .text.__vector_85
                0x0000c6c8       0x5a ../../AcroboardStation_v01/Debug\libacrostation_gprs_1.3.a(tc.o)
                0x0000c6c8                __vector_85
 .text.__vector_86
                0x0000c722       0x5a ../../AcroboardStation_v01/Debug\libacrostation_gprs_1.3.a(tc.o)
                0x0000c722                __vector_86
 .text.__vector_47
                0x0000c77c       0x5a ../../AcroboardStation_v01/Debug\libacrostation_gprs_1.3.a(tc.o)
                0x0000c77c                __vector_47
 .text.__vector_48
                0x0000c7d6       0x5a ../../AcroboardStation_v01/Debug\libacrostation_gprs_1.3.a(tc.o)
                0x0000c7d6                __vector_48
 .text.__vector_49
                0x0000c830       0x5a ../../AcroboardStation_v01/Debug\libacrostation_gprs_1.3.a(tc.o)
                0x0000c830                __vector_49
 .text.__vector_50
                0x0000c88a       0x5a ../../AcroboardStation_v01/Debug\libacrostation_gprs_1.3.a(tc.o)
                0x0000c88a                __vector_50
 .text.__vector_51
                0x0000c8e4       0x5a ../../AcroboardStation_v01/Debug\libacrostation_gprs_1.3.a(tc.o)
                0x0000c8e4                __vector_51
 .text.__vector_52
                0x0000c93e       0x5a ../../AcroboardStation_v01/Debug\libacrostation_gprs_1.3.a(tc.o)
                0x0000c93e                __vector_52
 .text.__vector_53
                0x0000c998       0x5a ../../AcroboardStation_v01/Debug\libacrostation_gprs_1.3.a(tc.o)
                0x0000c998                __vector_53
 .text.__vector_54
                0x0000c9f2       0x5a ../../AcroboardStation_v01/Debug\libacrostation_gprs_1.3.a(tc.o)
                0x0000c9f2                __vector_54
 .text.__vector_55
                0x0000ca4c       0x5a ../../AcroboardStation_v01/Debug\libacrostation_gprs_1.3.a(tc.o)
                0x0000ca4c                __vector_55
 .text.__vector_56
                0x0000caa6       0x5a ../../AcroboardStation_v01/Debug\libacrostation_gprs_1.3.a(tc.o)
                0x0000caa6                __vector_56
 .text.__vector_108
                0x0000cb00       0x5a ../../AcroboardStation_v01/Debug\libacrostation_gprs_1.3.a(tc.o)
                0x0000cb00                __vector_108
 .text.__vector_109
                0x0000cb5a       0x5a ../../AcroboardStation_v01/Debug\libacrostation_gprs_1.3.a(tc.o)
                0x0000cb5a                __vector_109
 .text.__vector_110
                0x0000cbb4       0x5a ../../AcroboardStation_v01/Debug\libacrostation_gprs_1.3.a(tc.o)
                0x0000cbb4                __vector_110
 .text.__vector_111
                0x0000cc0e       0x5a ../../AcroboardStation_v01/Debug\libacrostation_gprs_1.3.a(tc.o)
                0x0000cc0e                __vector_111
 .text.__vector_112
                0x0000cc68       0x5a ../../AcroboardStation_v01/Debug\libacrostation_gprs_1.3.a(tc.o)
                0x0000cc68                __vector_112
 .text.__vector_113
                0x0000ccc2       0x5a ../../AcroboardStation_v01/Debug\libacrostation_gprs_1.3.a(tc.o)
                0x0000ccc2                __vector_113
 .text.tc_enable
                0x0000cd1c       0xa8 ../../AcroboardStation_v01/Debug\libacrostation_gprs_1.3.a(tc.o)
                0x0000cd1c                tc_enable
 .text.twim_interrupt_handler
                0x0000cdc4      0x128 ../../AcroboardStation_v01/Debug\libacrostation_gprs_1.3.a(twim.o)
 .text.__vector_13
                0x0000ceec       0x4e ../../AcroboardStation_v01/Debug\libacrostation_gprs_1.3.a(twim.o)
                0x0000ceec                __vector_13
 .text.__vector_46
                0x0000cf3a       0x4e ../../AcroboardStation_v01/Debug\libacrostation_gprs_1.3.a(twim.o)
                0x0000cf3a                __vector_46
 .text.twi_master_init
                0x0000cf88       0x30 ../../AcroboardStation_v01/Debug\libacrostation_gprs_1.3.a(twim.o)
                0x0000cf88                twi_master_init
 .text.twi_master_transfer
                0x0000cfb8       0xae ../../AcroboardStation_v01/Debug\libacrostation_gprs_1.3.a(twim.o)
                0x0000cfb8                twi_master_transfer
 .text.sysclk_enable_peripheral_clock
                0x0000d066      0x17e ../../AcroboardStation_v01/Debug\libacrostation_gprs_1.3.a(usart.o)
 .text.usart_putchar
                0x0000d1e4       0x10 ../../AcroboardStation_v01/Debug\libacrostation_gprs_1.3.a(usart.o)
                0x0000d1e4                usart_putchar
 .text.usart_set_baudrate
                0x0000d1f4      0x1c0 ../../AcroboardStation_v01/Debug\libacrostation_gprs_1.3.a(usart.o)
                0x0000d1f4                usart_set_baudrate
 .text.usart_init_rs232
                0x0000d3b4       0x58 ../../AcroboardStation_v01/Debug\libacrostation_gprs_1.3.a(usart.o)
                0x0000d3b4                usart_init_rs232
 .text.udd_sleep_mode
                0x0000d40c       0x34 ../../AcroboardStation_v01/Debug\libacrostation_gprs_1.3.a(usb_device.o)
 .text.udd_ep_get_ctrl
                0x0000d440       0x2e ../../AcroboardStation_v01/Debug\libacrostation_gprs_1.3.a(usb_device.o)
 .text.udd_ctrl_init
                0x0000d46e       0x5a ../../AcroboardStation_v01/Debug\libacrostation_gprs_1.3.a(usb_device.o)
 .text.udd_ctrl_stall_data
                0x0000d4c8       0x22 ../../AcroboardStation_v01/Debug\libacrostation_gprs_1.3.a(usb_device.o)
 .text.udd_ctrl_send_zlp_in
                0x0000d4ea       0x22 ../../AcroboardStation_v01/Debug\libacrostation_gprs_1.3.a(usb_device.o)
 .text.udd_ctrl_endofrequest
                0x0000d50c       0x10 ../../AcroboardStation_v01/Debug\libacrostation_gprs_1.3.a(usb_device.o)
 .text.udd_ep_get_job
                0x0000d51c       0x34 ../../AcroboardStation_v01/Debug\libacrostation_gprs_1.3.a(usb_device.o)
 .text.udd_ep_trans_complet
                0x0000d550      0x1f8 ../../AcroboardStation_v01/Debug\libacrostation_gprs_1.3.a(usb_device.o)
 .text.udd_ctrl_in_sent
                0x0000d748       0xe6 ../../AcroboardStation_v01/Debug\libacrostation_gprs_1.3.a(usb_device.o)
 .text.udd_ctrl_interrupt_tc_setup
                0x0000d82e       0xea ../../AcroboardStation_v01/Debug\libacrostation_gprs_1.3.a(usb_device.o)
 .text.udd_disable
                0x0000d918       0x34 ../../AcroboardStation_v01/Debug\libacrostation_gprs_1.3.a(usb_device.o)
                0x0000d918                udd_disable
 .text.udd_attach
                0x0000d94c       0x46 ../../AcroboardStation_v01/Debug\libacrostation_gprs_1.3.a(usb_device.o)
                0x0000d94c                udd_attach
 .text.udd_enable
                0x0000d992       0xec ../../AcroboardStation_v01/Debug\libacrostation_gprs_1.3.a(usb_device.o)
                0x0000d992                udd_enable
 .text.udd_detach
                0x0000da7e        0xc ../../AcroboardStation_v01/Debug\libacrostation_gprs_1.3.a(usb_device.o)
                0x0000da7e                udd_detach
 .text.udd_is_high_speed
                0x0000da8a        0x4 ../../AcroboardStation_v01/Debug\libacrostation_gprs_1.3.a(usb_device.o)
                0x0000da8a                udd_is_high_speed
 .text.udd_set_address
                0x0000da8e        0x6 ../../AcroboardStation_v01/Debug\libacrostation_gprs_1.3.a(usb_device.o)
                0x0000da8e                udd_set_address
 .text.udd_getaddress
                0x0000da94        0x6 ../../AcroboardStation_v01/Debug\libacrostation_gprs_1.3.a(usb_device.o)
                0x0000da94                udd_getaddress
 .text.udd_get_frame_number
                0x0000da9a        0xc ../../AcroboardStation_v01/Debug\libacrostation_gprs_1.3.a(usb_device.o)
                0x0000da9a                udd_get_frame_number
 .text.udd_get_micro_frame_number
                0x0000daa6        0x6 ../../AcroboardStation_v01/Debug\libacrostation_gprs_1.3.a(usb_device.o)
                0x0000daa6                udd_get_micro_frame_number
 .text.udd_set_setup_payload
                0x0000daac       0x12 ../../AcroboardStation_v01/Debug\libacrostation_gprs_1.3.a(usb_device.o)
                0x0000daac                udd_set_setup_payload
 .text.udd_ep_alloc
                0x0000dabe       0xcc ../../AcroboardStation_v01/Debug\libacrostation_gprs_1.3.a(usb_device.o)
                0x0000dabe                udd_ep_alloc
 .text.udd_ep_is_halted
                0x0000db8a        0xe ../../AcroboardStation_v01/Debug\libacrostation_gprs_1.3.a(usb_device.o)
                0x0000db8a                udd_ep_is_halted
 .text.udd_ep_clear_halt
                0x0000db98       0x32 ../../AcroboardStation_v01/Debug\libacrostation_gprs_1.3.a(usb_device.o)
                0x0000db98                udd_ep_clear_halt
 .text.udd_ep_run
                0x0000dbca      0x106 ../../AcroboardStation_v01/Debug\libacrostation_gprs_1.3.a(usb_device.o)
                0x0000dbca                udd_ep_run
 .text.udd_ep_abort
                0x0000dcd0       0x58 ../../AcroboardStation_v01/Debug\libacrostation_gprs_1.3.a(usb_device.o)
                0x0000dcd0                udd_ep_abort
 .text.udd_ep_set_halt
                0x0000dd28       0x20 ../../AcroboardStation_v01/Debug\libacrostation_gprs_1.3.a(usb_device.o)
                0x0000dd28                udd_ep_set_halt
 .text.udd_ep_free
                0x0000dd48       0x12 ../../AcroboardStation_v01/Debug\libacrostation_gprs_1.3.a(usb_device.o)
                0x0000dd48                udd_ep_free
 .text.__vector_125
                0x0000dd5a      0x17c ../../AcroboardStation_v01/Debug\libacrostation_gprs_1.3.a(usb_device.o)
                0x0000dd5a                __vector_125
 .text.__vector_126
                0x0000ded6      0x1b4 ../../AcroboardStation_v01/Debug\libacrostation_gprs_1.3.a(usb_device.o)
                0x0000ded6                __vector_126
 .text.udi_cdc_comm_disable
                0x0000e08a        0xc ../../AcroboardStation_v01/Debug\libacrostation_gprs_1.3.a(udi_cdc.o)
                0x0000e08a                udi_cdc_comm_disable
 .text.udi_cdc_data_setup
                0x0000e096        0x4 ../../AcroboardStation_v01/Debug\libacrostation_gprs_1.3.a(udi_cdc.o)
                0x0000e096                udi_cdc_data_setup
 .text.udi_cdc_getsetting
                0x0000e09a        0x4 ../../AcroboardStation_v01/Debug\libacrostation_gprs_1.3.a(udi_cdc.o)
                0x0000e09a                udi_cdc_getsetting
 .text.udi_cdc_line_coding_received
                0x0000e09e        0x2 ../../AcroboardStation_v01/Debug\libacrostation_gprs_1.3.a(udi_cdc.o)
 .text.udi_cdc_data_disable
                0x0000e0a0       0x18 ../../AcroboardStation_v01/Debug\libacrostation_gprs_1.3.a(udi_cdc.o)
                0x0000e0a0                udi_cdc_data_disable
 .text.udi_cdc_tx_send.isra.3
                0x0000e0b8      0x122 ../../AcroboardStation_v01/Debug\libacrostation_gprs_1.3.a(udi_cdc.o)
 .text.udi_cdc_data_sof_notify
                0x0000e1da        0x2 ../../AcroboardStation_v01/Debug\libacrostation_gprs_1.3.a(udi_cdc.o)
                0x0000e1da                udi_cdc_data_sof_notify
 .text.udi_cdc_data_sent
                0x0000e1dc       0x2c ../../AcroboardStation_v01/Debug\libacrostation_gprs_1.3.a(udi_cdc.o)
 .text.udi_cdc_comm_setup
                0x0000e208       0x7c ../../AcroboardStation_v01/Debug\libacrostation_gprs_1.3.a(udi_cdc.o)
                0x0000e208                udi_cdc_comm_setup
 .text.udi_cdc_comm_enable
                0x0000e284       0x7c ../../AcroboardStation_v01/Debug\libacrostation_gprs_1.3.a(udi_cdc.o)
                0x0000e284                udi_cdc_comm_enable
 .text.udi_cdc_multi_get_nb_received_data
                0x0000e300       0x28 ../../AcroboardStation_v01/Debug\libacrostation_gprs_1.3.a(udi_cdc.o)
                0x0000e300                udi_cdc_multi_get_nb_received_data
 .text.udi_cdc_multi_is_rx_ready
                0x0000e328        0xe ../../AcroboardStation_v01/Debug\libacrostation_gprs_1.3.a(udi_cdc.o)
                0x0000e328                udi_cdc_multi_is_rx_ready
 .text.udi_cdc_rx_start.isra.8
                0x0000e336       0x84 ../../AcroboardStation_v01/Debug\libacrostation_gprs_1.3.a(udi_cdc.o)
 .text.udi_cdc_data_received
                0x0000e3ba       0x58 ../../AcroboardStation_v01/Debug\libacrostation_gprs_1.3.a(udi_cdc.o)
 .text.udi_cdc_data_enable
                0x0000e412       0x68 ../../AcroboardStation_v01/Debug\libacrostation_gprs_1.3.a(udi_cdc.o)
                0x0000e412                udi_cdc_data_enable
 .text.libgcc.div
                0x0000e47a       0x28 c:/program files (x86)/atmel/atmel toolchain/avr8 gcc/native/3.4.2.1002/avr8-gnu-toolchain/bin/../lib/gcc/avr/4.7.2/avrxmega6\libgcc.a(_udivmodhi4.o)
                0x0000e47a                __udivmodhi4
 .text.libgcc.div
                0x0000e4a2       0x26 c:/program files (x86)/atmel/atmel toolchain/avr8 gcc/native/3.4.2.1002/avr8-gnu-toolchain/bin/../lib/gcc/avr/4.7.2/avrxmega6\libgcc.a(_divmodhi4.o)
                0x0000e4a2                _div
                0x0000e4a2                __divmodhi4
 .text.libgcc.div
                0x0000e4c8       0x44 c:/program files (x86)/atmel/atmel toolchain/avr8 gcc/native/3.4.2.1002/avr8-gnu-toolchain/bin/../lib/gcc/avr/4.7.2/avrxmega6\libgcc.a(_udivmodsi4.o)
                0x0000e4c8                __udivmodsi4
 .text.libgcc.mul
                0x0000e50c       0x18 c:/program files (x86)/atmel/atmel toolchain/avr8 gcc/native/3.4.2.1002/avr8-gnu-toolchain/bin/../lib/gcc/avr/4.7.2/avrxmega6\libgcc.a(_umulhisi3.o)
                0x0000e50c                __umulhisi3
 .text.libgcc.mul
                0x0000e524        0xc c:/program files (x86)/atmel/atmel toolchain/avr8 gcc/native/3.4.2.1002/avr8-gnu-toolchain/bin/../lib/gcc/avr/4.7.2/avrxmega6\libgcc.a(_usmulhisi3.o)
                0x0000e524                __usmulhisi3
                0x0000e526                __usmulhisi3_tail
 .text.libgcc.mul
                0x0000e530       0x14 c:/program files (x86)/atmel/atmel toolchain/avr8 gcc/native/3.4.2.1002/avr8-gnu-toolchain/bin/../lib/gcc/avr/4.7.2/avrxmega6\libgcc.a(_muluhisi3.o)
                0x0000e530                __muluhisi3
 .text.libgcc.builtins
                0x0000e544       0x1e c:/program files (x86)/atmel/atmel toolchain/avr8 gcc/native/3.4.2.1002/avr8-gnu-toolchain/bin/../lib/gcc/avr/4.7.2/avrxmega6\libgcc.a(_ashldi3.o)
                0x0000e544                __ashldi3
 .text.libgcc   0x0000e562       0x12 c:/program files (x86)/atmel/atmel toolchain/avr8 gcc/native/3.4.2.1002/avr8-gnu-toolchain/bin/../lib/gcc/avr/4.7.2/avrxmega6\libgcc.a(_adddi3.o)
                0x0000e562                __adddi3
 .text.libgcc   0x0000e574       0x12 c:/program files (x86)/atmel/atmel toolchain/avr8 gcc/native/3.4.2.1002/avr8-gnu-toolchain/bin/../lib/gcc/avr/4.7.2/avrxmega6\libgcc.a(_subdi3.o)
                0x0000e574                __subdi3
 .text.libgcc.builtins
                0x0000e586        0xe c:/program files (x86)/atmel/atmel toolchain/avr8 gcc/native/3.4.2.1002/avr8-gnu-toolchain/bin/../lib/gcc/avr/4.7.2/avrxmega6\libgcc.a(_clzsi2.o)
                0x0000e586                __clzsi2
 .text.libgcc.builtins
                0x0000e594       0x24 c:/program files (x86)/atmel/atmel toolchain/avr8 gcc/native/3.4.2.1002/avr8-gnu-toolchain/bin/../lib/gcc/avr/4.7.2/avrxmega6\libgcc.a(_clzhi2.o)
                0x0000e594                __clzhi2
 .text.libgcc.prologue
                0x0000e5b8       0x32 c:/program files (x86)/atmel/atmel toolchain/avr8 gcc/native/3.4.2.1002/avr8-gnu-toolchain/bin/../lib/gcc/avr/4.7.2/avrxmega6\libgcc.a(_prologue.o)
                0x0000e5b8                __prologue_saves__
 .text.libgcc.prologue
                0x0000e5ea       0x30 c:/program files (x86)/atmel/atmel toolchain/avr8 gcc/native/3.4.2.1002/avr8-gnu-toolchain/bin/../lib/gcc/avr/4.7.2/avrxmega6\libgcc.a(_epilogue.o)
                0x0000e5ea                __epilogue_restores__
 .text.libgcc.builtins
                0x0000e61a       0x1e c:/program files (x86)/atmel/atmel toolchain/avr8 gcc/native/3.4.2.1002/avr8-gnu-toolchain/bin/../lib/gcc/avr/4.7.2/avrxmega6\libgcc.a(_lshrdi3.o)
                0x0000e61a                __lshrdi3
 .text.libgcc   0x0000e638       0x12 c:/program files (x86)/atmel/atmel toolchain/avr8 gcc/native/3.4.2.1002/avr8-gnu-toolchain/bin/../lib/gcc/avr/4.7.2/avrxmega6\libgcc.a(_cmpdi2.o)
                0x0000e638                __cmpdi2
 .text.avr-libc
                0x0000e64a      0x20e c:/program files (x86)/atmel/atmel toolchain/avr8 gcc/native/3.4.2.1002/avr8-gnu-toolchain/bin/../lib/gcc/avr/4.7.2/../../../../avr/lib/avrxmega6\libc.a(strtoul.o)
                0x0000e64a                strtoul
 .text.avr-libc
                0x0000e858       0x10 c:/program files (x86)/atmel/atmel toolchain/avr8 gcc/native/3.4.2.1002/avr8-gnu-toolchain/bin/../lib/gcc/avr/4.7.2/../../../../avr/lib/avrxmega6\libc.a(isspace.o)
                0x0000e858                isspace
 .text.avr-libc
                0x0000e868       0x30 c:/program files (x86)/atmel/atmel toolchain/avr8 gcc/native/3.4.2.1002/avr8-gnu-toolchain/bin/../lib/gcc/avr/4.7.2/../../../../avr/lib/avrxmega6\libc.a(strncasecmp_P.o)
                0x0000e868                strncasecmp_P
 .text.avr-libc
                0x0000e898       0x12 c:/program files (x86)/atmel/atmel toolchain/avr8 gcc/native/3.4.2.1002/avr8-gnu-toolchain/bin/../lib/gcc/avr/4.7.2/../../../../avr/lib/avrxmega6\libc.a(memcpy.o)
                0x0000e898                memcpy
 .text.avr-libc
                0x0000e8aa       0x16 c:/program files (x86)/atmel/atmel toolchain/avr8 gcc/native/3.4.2.1002/avr8-gnu-toolchain/bin/../lib/gcc/avr/4.7.2/../../../../avr/lib/avrxmega6\libc.a(strnlen.o)
                0x0000e8aa                strnlen
 .text.avr-libc
                0x0000e8c0       0x3e c:/program files (x86)/atmel/atmel toolchain/avr8 gcc/native/3.4.2.1002/avr8-gnu-toolchain/bin/../lib/gcc/avr/4.7.2/../../../../avr/lib/avrxmega6\libc.a(itoa.o)
                0x0000e8c0                itoa
 .text.avr-libc
                0x0000e8fe       0x6c c:/program files (x86)/atmel/atmel toolchain/avr8 gcc/native/3.4.2.1002/avr8-gnu-toolchain/bin/../lib/gcc/avr/4.7.2/../../../../avr/lib/avrxmega6\libc.a(snprintf_p.o)
                0x0000e8fe                snprintf_P
 .text.avr-libc
                0x0000e96a       0x50 c:/program files (x86)/atmel/atmel toolchain/avr8 gcc/native/3.4.2.1002/avr8-gnu-toolchain/bin/../lib/gcc/avr/4.7.2/../../../../avr/lib/avrxmega6\libc.a(sprintf_p.o)
                0x0000e96a                sprintf_P
 .text.avr-libc
                0x0000e9ba      0x3e4 c:/program files (x86)/atmel/atmel toolchain/avr8 gcc/native/3.4.2.1002/avr8-gnu-toolchain/bin/../lib/gcc/avr/4.7.2/../../../../avr/lib/avrxmega6\libc.a(vfprintf_std.o)
                0x0000e9ba                vfprintf
 .text.avr-libc
                0x0000ed9e        0x6 c:/program files (x86)/atmel/atmel toolchain/avr8 gcc/native/3.4.2.1002/avr8-gnu-toolchain/bin/../lib/gcc/avr/4.7.2/../../../../avr/lib/avrxmega6\libc.a(cty_isfalse.o)
                0x0000ed9e                __ctype_isfalse
                0x0000eda2                __ctype_istrue
 .text.avr-libc
                0x0000eda4       0x16 c:/program files (x86)/atmel/atmel toolchain/avr8 gcc/native/3.4.2.1002/avr8-gnu-toolchain/bin/../lib/gcc/avr/4.7.2/../../../../avr/lib/avrxmega6\libc.a(strnlen_P.o)
                0x0000eda4                strnlen_P
 .text.avr-libc
                0x0000edba       0x20 c:/program files (x86)/atmel/atmel toolchain/avr8 gcc/native/3.4.2.1002/avr8-gnu-toolchain/bin/../lib/gcc/avr/4.7.2/../../../../avr/lib/avrxmega6\libc.a(strrev.o)
                0x0000edba                strrev
 .text.avr-libc
                0x0000edda       0x58 c:/program files (x86)/atmel/atmel toolchain/avr8 gcc/native/3.4.2.1002/avr8-gnu-toolchain/bin/../lib/gcc/avr/4.7.2/../../../../avr/lib/avrxmega6\libc.a(fputc.o)
                0x0000edda                fputc
 .text.avr-libc
                0x0000ee32       0xbc c:/program files (x86)/atmel/atmel toolchain/avr8 gcc/native/3.4.2.1002/avr8-gnu-toolchain/bin/../lib/gcc/avr/4.7.2/../../../../avr/lib/avrxmega6\libc.a(ultoa_invert.o)
                0x0000ee32                __ultoa_invert
 .text.libgcc.mul
                0x0000eeee       0x1e c:/program files (x86)/atmel/atmel toolchain/avr8 gcc/native/3.4.2.1002/avr8-gnu-toolchain/bin/../lib/gcc/avr/4.7.2/avrxmega6\libgcc.a(_mulsi3.o)
                0x0000eeee                __mulsi3
                0x0000ef0c                . = ALIGN (0x2)
 *(.fini9)